Component: ARM Compiler 5.06 update 5 (build 528) Tool: armlink [4d35e2]

==============================================================================

Section Cross References

    main.o(i.main) refers to board.o(i.board_lowlevel_init) for board_lowlevel_init
    main.o(i.main) refers to workqueue.o(i.workqueue_init) for workqueue_init
    main.o(i.main) refers to tasks.o(i.xTaskCreate) for xTaskCreate
    main.o(i.main) refers to tasks.o(i.vTaskStartScheduler) for vTaskStartScheduler
    main.o(i.main) refers to main.o(i.main_init) for main_init
    main.o(i.main_init) refers to board.o(i.board_init) for board_init
    main.o(i.main_init) refers to ui.o(i.ui_init) for ui_init
    main.o(i.main_init) refers to welcome_page.o(i.welcome_page_display) for welcome_page_display
    main.o(i.main_init) refers to wifi.o(i.wifi_init) for wifi_init
    main.o(i.main_init) refers to wifi_page.o(i.wifi_page_display) for wifi_page_display
    main.o(i.main_init) refers to wifi.o(i.wifi_wait_connect) for wifi_wait_connect
    main.o(i.main_init) refers to main_page.o(i.main_page_display) for main_page_display
    main.o(i.main_init) refers to app.o(i.app_init) for app_init
    main.o(i.main_init) refers to tasks.o(i.vTaskDelete) for vTaskDelete
    board.o(i.board_init) refers to tim_delay.o(i.tim_delay_init) for tim_delay_init
    board.o(i.board_init) refers to console.o(i.console_init) for console_init
    board.o(i.board_init) refers to printfa.o(i.__0printf) for __2printf
    board.o(i.board_init) refers to rtc.o(i.rtc_init) for rtc_init
    board.o(i.board_init) refers to aht20.o(i.aht20_init) for aht20_init
    board.o(i.board_lowlevel_init) refers to stm32f4xx_rcc.o(i.RCC_AHB1PeriphClockCmd) for RCC_AHB1PeriphClockCmd
    board.o(i.board_lowlevel_init) refers to stm32f4xx_rcc.o(i.RCC_APB2PeriphClockCmd) for RCC_APB2PeriphClockCmd
    board.o(i.board_lowlevel_init) refers to stm32f4xx_rcc.o(i.RCC_APB1PeriphClockCmd) for RCC_APB1PeriphClockCmd
    board.o(i.board_lowlevel_init) refers to stm32f4xx_pwr.o(i.PWR_BackupAccessCmd) for PWR_BackupAccessCmd
    board.o(i.board_lowlevel_init) refers to stm32f4xx_rcc.o(i.RCC_LSEConfig) for RCC_LSEConfig
    board.o(i.board_lowlevel_init) refers to stm32f4xx_rcc.o(i.RCC_GetFlagStatus) for RCC_GetFlagStatus
    board.o(i.board_lowlevel_init) refers to stm32f4xx_rcc.o(i.RCC_RTCCLKConfig) for RCC_RTCCLKConfig
    board.o(i.fputc) refers to stm32f4xx_usart.o(i.USART_SendData) for USART_SendData
    board.o(i.fputc) refers to stm32f4xx_usart.o(i.USART_GetFlagStatus) for USART_GetFlagStatus
    board.o(i.vApplicationMallocFailedHook) refers to printfa.o(i.__0printf) for __2printf
    board.o(i.vApplicationMallocFailedHook) refers to board.o(i.vAssertCalled) for vAssertCalled
    board.o(i.vApplicationStackOverflowHook) refers to printfa.o(i.__0printf) for __2printf
    board.o(i.vApplicationStackOverflowHook) refers to board.o(i.vAssertCalled) for vAssertCalled
    board.o(i.vAssertCalled) refers to printfa.o(i.__0printf) for __2printf
    wifi.o(i.wifi_init) refers to esp_at.o(i.esp_at_init) for esp_at_init
    wifi.o(i.wifi_init) refers to printfa.o(i.__0printf) for __2printf
    wifi.o(i.wifi_init) refers to esp_at.o(i.esp_at_wifi_init) for esp_at_wifi_init
    wifi.o(i.wifi_init) refers to esp_at.o(i.esp_at_sntp_init) for esp_at_sntp_init
    wifi.o(i.wifi_init) refers to error_page.o(i.error_page_display) for error_page_display
    wifi.o(i.wifi_wait_connect) refers to printfa.o(i.__0printf) for __2printf
    wifi.o(i.wifi_wait_connect) refers to esp_at.o(i.esp_at_connect_wifi) for esp_at_connect_wifi
    wifi.o(i.wifi_wait_connect) refers to tasks.o(i.vTaskDelay) for vTaskDelay
    wifi.o(i.wifi_wait_connect) refers to memseta.o(.text) for __aeabi_memclr4
    wifi.o(i.wifi_wait_connect) refers to esp_at.o(i.esp_at_get_wifi_info) for esp_at_get_wifi_info
    wifi.o(i.wifi_wait_connect) refers to error_page.o(i.error_page_display) for error_page_display
    weather.o(i.parse_seniverse_response) refers to _scanf_str.o(.text) for _scanf_string
    weather.o(i.parse_seniverse_response) refers to _scanf_int.o(.text) for _scanf_int
    weather.o(i.parse_seniverse_response) refers to strstr.o(.text) for strstr
    weather.o(i.parse_seniverse_response) refers to __0sscanf.o(.text) for __0sscanf
    weather.o(i.parse_seniverse_response) refers to atof.o(i.__hardfp_atof) for __hardfp_atof
    weather.o(i.parse_seniverse_response) refers to d2f.o(.text) for __aeabi_d2f
    app.o(i.app_init) refers to timers.o(i.xTimerCreate) for xTimerCreate
    app.o(i.app_init) refers to workqueue.o(i.workqueue_run) for workqueue_run
    app.o(i.app_init) refers to tasks.o(i.xTaskGetTickCount) for xTaskGetTickCount
    app.o(i.app_init) refers to timers.o(i.xTimerGenericCommand) for xTimerGenericCommand
    app.o(i.app_init) refers to app.o(i.app_timer_cb) for app_timer_cb
    app.o(i.app_init) refers to app.o(i.time_update) for time_update
[...]
    _printf_lld                              0x00000000   Number         0  stubs.o ABSOLUTE
    _printf_lli                              0x00000000   Number         0  stubs.o ABSOLUTE
    _printf_llo                              0x00000000   Number         0  stubs.o ABSOLUTE
    _printf_llu                              0x00000000   Number         0  stubs.o ABSOLUTE
    _printf_llx                              0x00000000   Number         0  stubs.o ABSOLUTE
    _printf_longlong_dec                     0x00000000   Number         0  stubs.o ABSOLUTE
    _printf_longlong_hex                     0x00000000   Number         0  stubs.o ABSOLUTE
    _printf_longlong_oct                     0x00000000   Number         0  stubs.o ABSOLUTE
    _printf_ls                               0x00000000   Number         0  stubs.o ABSOLUTE
    _printf_mbtowc                           0x00000000   Number         0  stubs.o ABSOLUTE
    _printf_n                                0x00000000   Number         0  stubs.o ABSOLUTE
    _printf_o                                0x00000000   Number         0  stubs.o ABSOLUTE
    _printf_p                                0x00000000   Number         0  stubs.o ABSOLUTE
    _printf_percent                          0x00000000   Number         0  stubs.o ABSOLUTE
    _printf_pre_padding                      0x00000000   Number         0  stubs.o ABSOLUTE
    _printf_return_value                     0x00000000   Number         0  stubs.o ABSOLUTE
    _printf_s                                0x00000000   Number         0  stubs.o ABSOLUTE
    _printf_sizespec                         0x00000000   Number         0  stubs.o ABSOLUTE
    _printf_str                              0x00000000   Number         0  stubs.o ABSOLUTE
    _printf_truncate_signed                  0x00000000   Number         0  stubs.o ABSOLUTE
    _printf_truncate_unsigned                0x00000000   Number         0  stubs.o ABSOLUTE
    _printf_u                                0x00000000   Number         0  stubs.o ABSOLUTE
    _printf_wc                               0x00000000   Number         0  stubs.o ABSOLUTE
    _printf_wctomb                           0x00000000   Number         0  stubs.o ABSOLUTE
    _printf_widthprec                        0x00000000   Number         0  stubs.o ABSOLUTE
    _printf_x                                0x00000000   Number         0  stubs.o ABSOLUTE
    __cpp_initialize__aeabi_                  - Undefined Weak Reference
    __cxa_finalize                            - Undefined Weak Reference
    __decompress                              - Undefined Weak Reference
    _clock_init                               - Undefined Weak Reference
    _microlib_exit                            - Undefined Weak Reference
    _scanf_longlong                           - Undefined Weak Reference
    __Vectors_Size                           0x00000188   Number         0  startup_stm32f40_41xxx.o ABSOLUTE
    __Vectors                                0x08000000   Data           4  startup_stm32f40_41xxx.o(RESET)
    __Vectors_End                            0x08000188   Data           0  startup_stm32f40_41xxx.o(RESET)
    __main                                   0x08000189   Thumb Code     0  entry.o(.ARM.Collect$$$$00000000)
    _main_stk                                0x08000189   Thumb Code     0  entry2.o(.ARM.Collect$$$$00000001)
    _main_scatterload                        0x0800018d   Thumb Code     0  entry5.o(.ARM.Collect$$$$00000004)
    __main_after_scatterload                 0x08000191   Thumb Code     0  entry5.o(.ARM.Collect$$$$00000004)
    _main_clock                              0x08000191   Thumb Code     0  entry7b.o(.ARM.Collect$$$$00000008)
    _main_cpp_init                           0x08000191   Thumb Code     0  entry8b.o(.ARM.Collect$$$$0000000A)
    _main_init                               0x08000191   Thumb Code     0  entry9a.o(.ARM.Collect$$$$0000000B)
    __rt_final_cpp                           0x08000199   Thumb Code     0  entry10a.o(.ARM.Collect$$$$0000000D)
    __rt_final_exit                          0x08000199   Thumb Code     0  entry11a.o(.ARM.Collect$$$$0000000F)
    SVC_Handler                              0x0800019d   Thumb Code    28  port.o(.emb_text)
    __asm___6_port_c_39a90d8d__prvStartFirstTask 0x080001bd   Thumb Code    36  port.o(.emb_text)
    __asm___6_port_c_39a90d8d__prvEnableVFP  0x080001e5   Thumb Code    16  port.o(.emb_text)
    PendSV_Handler                           0x080001f9   Thumb Code    88  port.o(.emb_text)
    vPortGetIPSR                             0x08000255   Thumb Code     6  port.o(.emb_text)
    Reset_Handler                            0x0800025d   Thumb Code     8  startup_stm32f40_41xxx.o(.text)
    NMI_Handler                              0x08000265   Thumb Code     2  startup_stm32f40_41xxx.o(.text)
    HardFault_Handler                        0x08000267   Thumb Code     2  startup_stm32f40_41xxx.o(.text)
    MemManage_Handler                        0x08000269   Thumb Code     2  startup_stm32f40_41xxx.o(.text)
    BusFault_Handler                         0x0800026b   Thumb Code     2  startup_stm32f40_41xxx.o(.text)
    UsageFault_Handler                       0x0800026d   Thumb Code     2  startup_stm32f40_41xxx.o(.text)
    DebugMon_Handler                         0x08000271   Thumb Code     2  startup_stm32f40_41xxx.o(.text)
    ADC_IRQHandler                           0x08000277   Thumb Code     0  startup_stm32f40_41xxx.o(.text)
    CAN1_RX0_IRQHandler                      0x08000277   Thumb Code     0  startup_stm32f40_41xxx.o(.text)
    CAN1_RX1_IRQHandler                      0x08000277   Thumb Code     0  startup_stm32f40_41xxx.o(.text)
    CAN1_SCE_IRQHandler                      0x08000277   Thumb Code     0  startup_stm32f40_41xxx.o(.text)
    CAN1_TX_IRQHandler                       0x08000277   Thumb Code     0  startup_stm32f40_41xxx.o(.text)
    CAN2_RX0_IRQHandler                      0x08000277   Thumb Code     0  startup_stm32f40_41xxx.o(.text)
    CAN2_RX1_IRQHandler                      0x08000277   Thumb Code     0  startup_stm32f40_41xxx.o(.text)
    CAN2_SCE_IRQHandler                      0x08000277   Thumb Code     0  startup_stm32f40_41xxx.o(.text)
    CAN2_TX_IRQHandler                       0x08000277   Thumb Code     0  startup_stm32f40_41xxx.o(.text)
    CRYP_IRQHandler                          0x08000277   Thumb Code     0  startup_stm32f40_41xxx.o(.text)
    DCMI_IRQHandler                          0x08000277   Thumb Code     0  startup_stm32f40_41xxx.o(.text)
    DMA1_Stream0_IRQHandler                  0x08000277   Thumb Code     0  startup_stm32f40_41xxx.o(.text)
    DMA1_Stream1_IRQHandler                  0x08000277   Thumb Code     0  startup_stm32f40_41xxx.o(.text)
    DMA1_Stream2_IRQHandler                  0x08000277   Thumb Code     0  startup_stm32f40_41xxx.o(.text)
    DMA1_Stream3_IRQHandler                  0x08000277   Thumb Code     0  startup_stm32f40_41xxx.o(.text)
    DMA1_Stream5_IRQHandler                  0x08000277   Thumb Code     0  startup_stm32f40_41xxx.o(.text)
    DMA1_Stream6_IRQHandler                  0x08000277   Thumb Code     0  startup_stm32f40_41xxx.o(.text)
    DMA1_Stream7_IRQHandler                  0x08000277   Thumb Code     0  startup_stm32f40_41xxx.o(.text)
    DMA2_Stream0_IRQHandler                  0x08000277   Thumb Code     0  startup_stm32f40_41xxx.o(.text)
    DMA2_Stream1_IRQHandler                  0x08000277   Thumb Code     0  startup_stm32f40_41xxx.o(.text)
    DMA2_Stream2_IRQHandler                  0x08000277   Thumb Code     0  startup_stm32f40_41xxx.o(.text)
    DMA2_Stream3_IRQHandler                  0x08000277   Thumb Code     0  startup_stm32f40_41xxx.o(.text)
    DMA2_Stream4_IRQHandler                  0x08000277   Thumb Code     0  startup_stm32f40_41xxx.o(.text)
    DMA2_Stream5_IRQHandler                  0x08000277   Thumb Code     0  startup_stm32f40_41xxx.o(.text)
    DMA2_Stream6_IRQHandler                  0x08000277   Thumb Code     0  startup_stm32f40_41xxx.o(.text)
    ETH_IRQHandler                           0x08000277   Thumb Code     0  startup_stm32f40_41xxx.o(.text)
    ETH_WKUP_IRQHandler                      0x08000277   Thumb Code     0  startup_stm32f40_41xxx.o(.text)
    EXTI0_IRQHandler                         0x08000277   Thumb Code     0  startup_stm32f40_41xxx.o(.text)
    EXTI15_10_IRQHandler                     0x08000277   Thumb Code     0  startup_stm32f40_41xxx.o(.text)
    EXTI1_IRQHandler                         0x08000277   Thumb Code     0  startup_stm32f40_41xxx.o(.text)
    EXTI2_IRQHandler                         0x08000277   Thumb Code     0  startup_stm32f40_41xxx.o(.text)
    EXTI3_IRQHandler                         0x08000277   Thumb Code     0  startup_stm32f40_41xxx.o(.text)
    EXTI4_IRQHandler                         0x08000277   Thumb Code     0  startup_stm32f40_41xxx.o(.text)
    EXTI9_5_IRQHandler                       0x08000277   Thumb Code     0  startup_stm32f40_41xxx.o(.text)
    FLASH_IRQHandler                         0x08000277   Thumb Code     0  startup_stm32f40_41xxx.o(.text)
    FPU_IRQHandler                           0x08000277   Thumb Code     0  startup_stm32f40_41xxx.o(.text)
    FSMC_IRQHandler                          0x08000277   Thumb Code     0  startup_stm32f40_41xxx.o(.text)
    HASH_RNG_IRQHandler                      0x08000277   Thumb Code     0  startup_stm32f40_41xxx.o(.text)
    I2C1_ER_IRQHandler                       0x08000277   Thumb Code     0  startup_stm32f40_41xxx.o(.text)
    I2C1_EV_IRQHandler                       0x08000277   Thumb Code     0  startup_stm32f40_41xxx.o(.text)
    I2C2_ER_IRQHandler                       0x08000277   Thumb Code     0  startup_stm32f40_41xxx.o(.text)
    I2C2_EV_IRQHandler                       0x08000277   Thumb Code     0  startup_stm32f40_41xxx.o(.text)
    I2C3_ER_IRQHandler                       0x08000277   Thumb Code     0  startup_stm32f40_41xxx.o(.text)
    I2C3_EV_IRQHandler                       0x08000277   Thumb Code     0  startup_stm32f40_41xxx.o(.text)
    OTG_FS_IRQHandler                        0x08000277   Thumb Code     0  startup_stm32f40_41xxx.o(.text)
    OTG_FS_WKUP_IRQHandler                   0x08000277   Thumb Code     0  startup_stm32f40_41xxx.o(.text)
    OTG_HS_EP1_IN_IRQHandler                 0x08000277   Thumb Code     0  startup_stm32f40_41xxx.o(.text)
    OTG_HS_EP1_OUT_IRQHandler                0x08000277   Thumb Code     0  startup_stm32f40_41xxx.o(.text)
    OTG_HS_IRQHandler                        0x08000277   Thumb Code     0  startup_stm32f40_41xxx.o(.text)
    OTG_HS_WKUP_IRQHandler                   0x08000277   Thumb Code     0  startup_stm32f40_41xxx.o(.text)
    PVD_IRQHandler                           0x08000277   Thumb Code     0  startup_stm32f40_41xxx.o(.text)
    RCC_IRQHandler                           0x08000277   Thumb Code     0  startup_stm32f40_41xxx.o(.text)
    RTC_Alarm_IRQHandler                     0x08000277   Thumb Code     0  startup_stm32f40_41xxx.o(.text)
    RTC_WKUP_IRQHandler                      0x08000277   Thumb Code     0  startup_stm32f40_41xxx.o(.text)
    SDIO_IRQHandler                          0x08000277   Thumb Code     0  startup_stm32f40_41xxx.o(.text)
    SPI1_IRQHandler                          0x08000277   Thumb Code     0  startup_stm32f40_41xxx.o(.text)
    SPI2_IRQHandler                          0x08000277   Thumb Code     0  startup_stm32f40_41xxx.o(.text)
    SPI3_IRQHandler                          0x08000277   Thumb Code     0  startup_stm32f40_41xxx.o(.text)
    TAMP_STAMP_IRQHandler                    0x08000277   Thumb Code     0  startup_stm32f40_41xxx.o(.text)
    TIM1_BRK_TIM9_IRQHandler                 0x08000277   Thumb Code     0  startup_stm32f40_41xxx.o(.text)
    TIM1_CC_IRQHandler                       0x08000277   Thumb Code     0  startup_stm32f40_41xxx.o(.text)
    TIM1_TRG_COM_TIM11_IRQHandler            0x08000277   Thumb Code     0  startup_stm32f40_41xxx.o(.text)
    TIM1_UP_TIM10_IRQHandler                 0x08000277   Thumb Code     0  startup_stm32f40_41xxx.o(.text)
    TIM2_IRQHandler                          0x08000277   Thumb Code     0  startup_stm32f40_41xxx.o(.text)
    TIM3_IRQHandler                          0x08000277   Thumb Code     0  startup_stm32f40_41xxx.o(.text)
    TIM4_IRQHandler                          0x08000277   Thumb Code     0  startup_stm32f40_41xxx.o(.text)
    TIM5_IRQHandler                          0x08000277   Thumb Code     0  startup_stm32f40_41xxx.o(.text)
    TIM7_IRQHandler                          0x08000277   Thumb Code     0  startup_stm32f40_41xxx.o(.text)
    TIM8_BRK_TIM12_IRQHandler                0x08000277   Thumb Code     0  startup_stm32f40_41xxx.o(.text)
    TIM8_CC_IRQHandler                       0x08000277   Thumb Code     0  startup_stm32f40_41xxx.o(.text)
    TIM8_TRG_COM_TIM14_IRQHandler            0x08000277   Thumb Code     0  startup_stm32f40_41xxx.o(.text)
    TIM8_UP_TIM13_IRQHandler                 0x08000277   Thumb Code     0  startup_stm32f40_41xxx.o(.text)
    UART4_IRQHandler                         0x08000277   Thumb Code     0  startup_stm32f40_41xxx.o(.text)
    UART5_IRQHandler                         0x08000277   Thumb Code     0  startup_stm32f40_41xxx.o(.text)
    USART3_IRQHandler                        0x08000277   Thumb Code     0  startup_stm32f40_41xxx.o(.text)
    USART6_IRQHandler                        0x08000277   Thumb Code     0  startup_stm32f40_41xxx.o(.text)
    WWDG_IRQHandler                          0x08000277   Thumb Code     0  startup_stm32f40_41xxx.o(.text)
    __aeabi_uldivmod                         0x08000281   Thumb Code    98  uldiv.o(.text)
    __aeabi_memcpy                           0x080002e3   Thumb Code    36  memcpya.o(.text)
    __aeabi_memcpy4                          0x080002e3   Thumb Code     0  memcpya.o(.text)
    __aeabi_memcpy8                          0x080002e3   Thumb Code     0  memcpya.o(.text)
    __aeabi_memset                           0x08000307   Thumb Code    14  memseta.o(.text)
    __aeabi_memset4                          0x08000307   Thumb Code     0  memseta.o(.text)
    __aeabi_memset8                          0x08000307   Thumb Code     0  memseta.o(.text)
    __aeabi_memclr                           0x08000315   Thumb Code     4  memseta.o(.text)
    __aeabi_memclr4                          0x08000315   Thumb Code     0  memseta.o(.text)
    __aeabi_memclr8                          0x08000315   Thumb Code     0  memseta.o(.text)
    _memset$wrapper                          0x08000319   Thumb Code    18  memseta.o(.text)
    strstr                                   0x0800032b   Thumb Code    36  strstr.o(.text)
    strncpy                                  0x0800034f   Thumb Code    24  strncpy.o(.text)
    strlen                                   0x08000367   Thumb Code    14  strlen.o(.text)
    strcmp                                   0x08000375   Thumb Code    28  strcmp.o(.text)
    memcmp                                   0x08000391   Thumb Code    26  memcmp.o(.text)
    strcpy                                   0x080003ab   Thumb Code    18  strcpy.o(.text)
    __0sscanf                                0x080003bd   Thumb Code    48  __0sscanf.o(.text)
    _scanf_int                               0x080003f5   Thumb Code   332  _scanf_int.o(.text)
    _scanf_string                            0x08000541   Thumb Code   224  _scanf_str.o(.text)
    __aeabi_f2d                              0x08000621   Thumb Code    38  f2d.o(.text)
    __aeabi_d2f                              0x08000647   Thumb Code    56  d2f.o(.text)
    __aeabi_uidiv                            0x0800067f   Thumb Code     0  uidiv.o(.text)
    __aeabi_uidivmod                         0x0800067f   Thumb Code    44  uidiv.o(.text)
    __aeabi_llsl                             0x080006ab   Thumb Code    30  llshl.o(.text)
    _ll_shift_l                              0x080006ab   Thumb Code     0  llshl.o(.text)
    __aeabi_llsr                             0x080006c9   Thumb Code    32  llushr.o(.text)
    _ll_ushift_r                             0x080006c9   Thumb Code     0  llushr.o(.text)
    _chval                                   0x080006e9   Thumb Code    28  _chval.o(.text)
    __vfscanf_char                           0x08000711   Thumb Code    20  scanf_char.o(.text)
    _sgetc                                   0x0800072d   Thumb Code    30  _sgetc.o(.text)
    _sbackspace                              0x0800074b   Thumb Code    34  _sgetc.o(.text)
    __strtod_int                             0x080007a3   Thumb Code    90  strtod.o(.text)
    __I$use$fp                               0x08000809   Thumb Code     0  iusefp.o(.text)
    _float_round                             0x08000809   Thumb Code    18  fepilogue.o(.text)
    _float_epilogue                          0x0800081b   Thumb Code    92  fepilogue.o(.text)
    __aeabi_dadd                             0x08000877   Thumb Code   322  dadd.o(.text)
    __aeabi_dsub                             0x080009b9   Thumb Code     6  dadd.o(.text)
    __aeabi_drsub                            0x080009bf   Thumb Code     6  dadd.o(.text)
    __aeabi_dmul                             0x080009c5   Thumb Code   228  dmul.o(.text)
    __aeabi_ddiv                             0x08000aa9   Thumb Code   222  ddiv.o(.text)
    __aeabi_d2ulz                            0x08000b87   Thumb Code    48  dfixul.o(.text)
    __aeabi_cdrcmple                         0x08000bb9   Thumb Code    48  cdrcmple.o(.text)
    __scatterload                            0x08000be9   Thumb Code    28  init.o(.text)
    __scatterload_rt2                        0x08000be9   Thumb Code     0  init.o(.text)
    __aeabi_lasr                             0x08000c0d   Thumb Code    36  llsshr.o(.text)
    _ll_sshift_r                             0x08000c0d   Thumb Code     0  llsshr.o(.text)
    isspace                                  0x08000c31   Thumb Code    10  isspace_c.o(.text)
    __vfscanf                                0x08000c3d   Thumb Code   808  _scanf.o(.text)
    _scanf_real                              0x08001091   Thumb Code     0  scanf_fp.o(.text)
    _scanf_really_real                       0x08001091   Thumb Code   556  scanf_fp.o(.text)
    _double_round                            0x080012c9   Thumb Code    30  depilogue.o(.text)
    _double_epilogue                         0x080012e7   Thumb Code   156  depilogue.o(.text)
    __ctype_lookup                           0x08001385   Thumb Code    34  ctype_c.o(.text)
    __aeabi_ul2d                             0x080013ad   Thumb Code    24  dfltul.o(.text)
    DMA1_Stream4_IRQHandler                  0x080013c5   Thumb Code    56  st7789.o(i.DMA1_Stream4_IRQHandler)
    DMA2_Stream7_IRQHandler                  0x0800140d   Thumb Code    56  console.o(i.DMA2_Stream7_IRQHandler)
    DMA_ClearFlag                            0x08001455   Thumb Code    38  stm32f4xx_dma.o(i.DMA_ClearFlag)
    DMA_ClearITPendingBit                    0x08001489   Thumb Code    38  stm32f4xx_dma.o(i.DMA_ClearITPendingBit)
    DMA_Cmd                                  0x080014bd   Thumb Code    22  stm32f4xx_dma.o(i.DMA_Cmd)
    DMA_GetITStatus                          0x080014d5   Thumb Code    82  stm32f4xx_dma.o(i.DMA_GetITStatus)
    DMA_ITConfig                             0x08001539   Thumb Code    58  stm32f4xx_dma.o(i.DMA_ITConfig)
    DMA_Init                                 0x08001575   Thumb Code    82  stm32f4xx_dma.o(i.DMA_Init)
    DMA_StructInit                           0x080015cd   Thumb Code    34  stm32f4xx_dma.o(i.DMA_StructInit)
    GPIO_Init                                0x080015ef   Thumb Code   144  stm32f4xx_gpio.o(i.GPIO_Init)
    GPIO_PinAFConfig                         0x0800167f   Thumb Code    70  stm32f4xx_gpio.o(i.GPIO_PinAFConfig)
    GPIO_ResetBits                           0x080016c5   Thumb Code     6  stm32f4xx_gpio.o(i.GPIO_ResetBits)
    GPIO_SetBits                             0x080016cb   Thumb Code     4  stm32f4xx_gpio.o(i.GPIO_SetBits)
    GPIO_StructInit                          0x080016cf   Thumb Code    18  stm32f4xx_gpio.o(i.GPIO_StructInit)
    GPIO_WriteBit                            0x080016e1   Thumb Code    12  stm32f4xx_gpio.o(i.GPIO_WriteBit)
    I2C_AcknowledgeConfig                    0x080016ed   Thumb Code    24  stm32f4xx_i2c.o(i.I2C_AcknowledgeConfig)
    I2C_CheckEvent                           0x08001705   Thumb Code    62  stm32f4xx_i2c.o(i.I2C_CheckEvent)
    I2C_GenerateSTART                        0x08001743   Thumb Code    24  stm32f4xx_i2c.o(i.I2C_GenerateSTART)
    I2C_GenerateSTOP                         0x0800175b   Thumb Code    24  stm32f4xx_i2c.o(i.I2C_GenerateSTOP)
    I2C_Init                                 0x08001775   Thumb Code   218  stm32f4xx_i2c.o(i.I2C_Init)
    I2C_ReceiveData                          0x0800185d   Thumb Code     8  stm32f4xx_i2c.o(i.I2C_ReceiveData)
    I2C_Send7bitAddress                      0x08001865   Thumb Code    16  stm32f4xx_i2c.o(i.I2C_Send7bitAddress)
    I2C_SendData                             0x08001875   Thumb Code     4  stm32f4xx_i2c.o(i.I2C_SendData)
    I2C_StructInit                           0x08001879   Thumb Code    30  stm32f4xx_i2c.o(i.I2C_StructInit)
    NVIC_Init                                0x08001899   Thumb Code   106  misc.o(i.NVIC_Init)
    PWR_BackupAccessCmd                      0x08001939   Thumb Code     6  stm32f4xx_pwr.o(i.PWR_BackupAccessCmd)
    RCC_AHB1PeriphClockCmd                   0x08001945   Thumb Code    26  stm32f4xx_rcc.o(i.RCC_AHB1PeriphClockCmd)
    RCC_APB1PeriphClockCmd                   0x08001965   Thumb Code    26  stm32f4xx_rcc.o(i.RCC_APB1PeriphClockCmd)
    RCC_APB2PeriphClockCmd                   0x08001985   Thumb Code    26  stm32f4xx_rcc.o(i.RCC_APB2PeriphClockCmd)
    RCC_GetClocksFreq                        0x080019a5   Thumb Code   214  stm32f4xx_rcc.o(i.RCC_GetClocksFreq)
    RCC_GetFlagStatus                        0x08001a8d   Thumb Code    60  stm32f4xx_rcc.o(i.RCC_GetFlagStatus)
    RCC_LSEConfig                            0x08001acd   Thumb Code    40  stm32f4xx_rcc.o(i.RCC_LSEConfig)
    RCC_RTCCLKCmd                            0x08001af9   Thumb Code     6  stm32f4xx_rcc.o(i.RCC_RTCCLKCmd)
    RCC_RTCCLKConfig                         0x08001b05   Thumb Code    50  stm32f4xx_rcc.o(i.RCC_RTCCLKConfig)
    RTC_DateStructInit                       0x08001b73   Thumb Code    14  stm32f4xx_rtc.o(i.RTC_DateStructInit)
    RTC_EnterInitMode                        0x08001b81   Thumb Code    76  stm32f4xx_rtc.o(i.RTC_EnterInitMode)
    RTC_ExitInitMode                         0x08001bd1   Thumb Code    14  stm32f4xx_rtc.o(i.RTC_ExitInitMode)
    RTC_GetDate                              0x08001be5   Thumb Code    68  stm32f4xx_rtc.o(i.RTC_GetDate)
    RTC_GetTime                              0x08001c31   Thumb Code    72  stm32f4xx_rtc.o(i.RTC_GetTime)
    RTC_Init                                 0x08001c81   Thumb Code    94  stm32f4xx_rtc.o(i.RTC_Init)
    RTC_SetDate                              0x08001ce5   Thumb Code   190  stm32f4xx_rtc.o(i.RTC_SetDate)
    RTC_SetTime                              0x08001dad   Thumb Code   198  stm32f4xx_rtc.o(i.RTC_SetTime)
    RTC_StructInit                           0x08001e7d   Thumb Code    14  stm32f4xx_rtc.o(i.RTC_StructInit)
    RTC_TimeStructInit                       0x08001e8b   Thumb Code    12  stm32f4xx_rtc.o(i.RTC_TimeStructInit)
    RTC_WaitForSynchro                       0x08001e99   Thumb Code    92  stm32f4xx_rtc.o(i.RTC_WaitForSynchro)
    SPI_Cmd                                  0x08001ef9   Thumb Code    24  stm32f4xx_spi.o(i.SPI_Cmd)
    SPI_DataSizeConfig                       0x08001f11   Thumb Code    18  stm32f4xx_spi.o(i.SPI_DataSizeConfig)
    SPI_I2S_DMACmd                           0x08001f23   Thumb Code    18  stm32f4xx_spi.o(i.SPI_I2S_DMACmd)
    SPI_I2S_GetFlagStatus                    0x08001f35   Thumb Code    18  stm32f4xx_spi.o(i.SPI_I2S_GetFlagStatus)
    SPI_I2S_SendData                         0x08001f47   Thumb Code     4  stm32f4xx_spi.o(i.SPI_I2S_SendData)
    SPI_Init                                 0x08001f4b   Thumb Code    60  stm32f4xx_spi.o(i.SPI_Init)
    SPI_StructInit                           0x08001f87   Thumb Code    24  stm32f4xx_spi.o(i.SPI_StructInit)
    SysTick_Handler                          0x0800208d   Thumb Code    46  port.o(i.SysTick_Handler)
    SystemInit                               0x080020c1   Thumb Code    88  system_stm32f4xx.o(i.SystemInit)
    TIM6_DAC_IRQHandler                      0x08002129   Thumb Code    56  tim_delay.o(i.TIM6_DAC_IRQHandler)
    TIM_ClearITPendingBit                    0x0800216d   Thumb Code     6  stm32f4xx_tim.o(i.TIM_ClearITPendingBit)
    TIM_Cmd                                  0x08002173   Thumb Code    24  stm32f4xx_tim.o(i.TIM_Cmd)
    TIM_GetCounter                           0x0800218b   Thumb Code     6  stm32f4xx_tim.o(i.TIM_GetCounter)
    TIM_GetITStatus                          0x08002191   Thumb Code    34  stm32f4xx_tim.o(i.TIM_GetITStatus)
    TIM_ITConfig                             0x080021b3   Thumb Code    18  stm32f4xx_tim.o(i.TIM_ITConfig)
    TIM_TimeBaseInit                         0x080021c5   Thumb Code   104  stm32f4xx_tim.o(i.TIM_TimeBaseInit)
    TIM_TimeBaseStructInit                   0x08002249   Thumb Code    18  stm32f4xx_tim.o(i.TIM_TimeBaseStructInit)
    USART1_IRQHandler                        0x0800225d   Thumb Code    52  console.o(i.USART1_IRQHandler)
    USART2_IRQHandler                        0x08002299   Thumb Code   148  esp_at.o(i.USART2_IRQHandler)
    USART_ClearITPendingBit                  0x08002349   Thumb Code    30  stm32f4xx_usart.o(i.USART_ClearITPendingBit)
    USART_Cmd                                0x08002367   Thumb Code    24  stm32f4xx_usart.o(i.USART_Cmd)
    USART_DMACmd                             0x0800237f   Thumb Code    18  stm32f4xx_usart.o(i.USART_DMACmd)
    USART_GetFlagStatus                      0x08002391   Thumb Code    26  stm32f4xx_usart.o(i.USART_GetFlagStatus)
    USART_GetITStatus                        0x080023ab   Thumb Code    84  stm32f4xx_usart.o(i.USART_GetITStatus)
    USART_ITConfig                           0x080023ff   Thumb Code    74  stm32f4xx_usart.o(i.USART_ITConfig)
    USART_Init                               0x08002449   Thumb Code   204  stm32f4xx_usart.o(i.USART_Init)
    USART_ReceiveData                        0x0800251d   Thumb Code    10  stm32f4xx_usart.o(i.USART_ReceiveData)
    USART_SendData                           0x08002527   Thumb Code     8  stm32f4xx_usart.o(i.USART_SendData)
    USART_StructInit                         0x0800252f   Thumb Code    24  stm32f4xx_usart.o(i.USART_StructInit)
    __0printf                                0x08002549   Thumb Code    22  printfa.o(i.__0printf)
    __1printf                                0x08002549   Thumb Code     0  printfa.o(i.__0printf)
    __2printf                                0x08002549   Thumb Code     0  printfa.o(i.__0printf)
    __c89printf                              0x08002549   Thumb Code     0  printfa.o(i.__0printf)
    printf                                   0x08002549   Thumb Code     0  printfa.o(i.__0printf)
    __0snprintf                              0x08002569   Thumb Code    44  printfa.o(i.__0snprintf)
    __1snprintf                              0x08002569   Thumb Code     0  printfa.o(i.__0snprintf)
    __2snprintf                              0x08002569   Thumb Code     0  printfa.o(i.__0snprintf)
    __c89snprintf                            0x08002569   Thumb Code     0  printfa.o(i.__0snprintf)
    snprintf                                 0x08002569   Thumb Code     0  printfa.o(i.__0snprintf)
    __hardfp_atof                            0x08002599   Thumb Code    44  atof.o(i.__hardfp_atof)
    __read_errno                             0x080025d1   Thumb Code     6  errno.o(i.__read_errno)
    __scatterload_copy                       0x080025dd   Thumb Code    14  handlers.o(i.__scatterload_copy)
    __scatterload_null                       0x080025eb   Thumb Code     2  handlers.o(i.__scatterload_null)
    __scatterload_zeroinit                   0x080025ed   Thumb Code    14  handlers.o(i.__scatterload_zeroinit)
    __set_errno                              0x080025fd   Thumb Code     6  errno.o(i.__set_errno)
    _is_digit                                0x0800278d   Thumb Code    14  scanf_fp.o(i._is_digit)
    aht20_init                               0x08002f85   Thumb Code   184  aht20.o(i.aht20_init)
    aht20_read_measurement                   0x0800314d   Thumb Code   138  aht20.o(i.aht20_read_measurement)
    aht20_start_measurement                  0x08003211   Thumb Code    18  aht20.o(i.aht20_start_measurement)
    aht20_wait_for_measurement               0x08003229   Thumb Code    32  aht20.o(i.aht20_wait_for_measurement)
    app_init                                 0x0800330d   Thumb Code   264  app.o(i.app_init)
    board_init                               0x080034f9   Thumb Code    30  board.o(i.board_init)
    board_lowlevel_init                      0x0800354d   Thumb Code   140  board.o(i.board_lowlevel_init)
    console_init                             0x08003635   Thumb Code    48  console.o(i.console_init)
    error_page_display                       0x08003755   Thumb Code    92  error_page.o(i.error_page_display)
    esp_at_connect_wifi                      0x080037b9   Thumb Code    72  esp_at.o(i.esp_at_connect_wifi)
    esp_at_get_wifi_info                     0x08003885   Thumb Code    84  esp_at.o(i.esp_at_get_wifi_info)
    esp_at_http_get                          0x080038f5   Thumb Code    44  esp_at.o(i.esp_at_http_get)
    esp_at_init                              0x08003945   Thumb Code    82  esp_at.o(i.esp_at_init)
    esp_at_sntp_get_time                     0x08003a65   Thumb Code    42  esp_at.o(i.esp_at_sntp_get_time)
    esp_at_sntp_init                         0x08003aa5   Thumb Code    22  esp_at.o(i.esp_at_sntp_init)
    esp_at_wifi_init                         0x08003bf1   Thumb Code    14  esp_at.o(i.esp_at_wifi_init)
    fputc                                    0x08003c71   Thumb Code    32  board.o(i.fputc)
    main                                     0x08003e41   Thumb Code    40  main.o(i.main)
    main_page_display                        0x08003ea1   Thumb Code   290  main_page.o(i.main_page_display)
    main_page_redraw_date                    0x0800402d   Thumb Code   128  main_page.o(i.main_page_redraw_date)
    main_page_redraw_inner_humidity          0x080040e9   Thumb Code    92  main_page.o(i.main_page_redraw_inner_humidity)
    main_page_redraw_inner_temperature       0x08004155   Thumb Code   102  main_page.o(i.main_page_redraw_inner_temperature)
    main_page_redraw_outdoor_city            0x080041d1   Thumb Code    44  main_page.o(i.main_page_redraw_outdoor_city)
    main_page_redraw_outdoor_temperature     0x08004205   Thumb Code   102  main_page.o(i.main_page_redraw_outdoor_temperature)
    main_page_redraw_outdoor_weather_icon    0x08004281   Thumb Code   152  main_page.o(i.main_page_redraw_outdoor_weather_icon)
    main_page_redraw_time                    0x08004339   Thumb Code    68  main_page.o(i.main_page_redraw_time)
    main_page_redraw_wifi_ssid               0x0800438d   Thumb Code    46  main_page.o(i.main_page_redraw_wifi_ssid)
    parse_seniverse_response                 0x0800466d   Thumb Code   246  weather.o(i.parse_seniverse_response)
    pvPortMalloc                             0x08005391   Thumb Code   306  heap_4.o(i.pvPortMalloc)
    pvTaskIncrementMutexHeldCount            0x08005505   Thumb Code    26  tasks.o(i.pvTaskIncrementMutexHeldCount)
    pvTimerGetTimerID                        0x08005525   Thumb Code    32  timers.o(i.pvTimerGetTimerID)
    pxPortInitialiseStack                    0x08005565   Thumb Code    38  port.o(i.pxPortInitialiseStack)
    rtc_get_time                             0x08005591   Thumb Code    42  rtc.o(i.rtc_get_time)
    rtc_init                                 0x080055bb   Thumb Code    26  rtc.o(i.rtc_init)
    rtc_set_time                             0x080055d5   Thumb Code    30  rtc.o(i.rtc_set_time)
    st7789_draw_image                        0x08005709   Thumb Code    86  st7789.o(i.st7789_draw_image)
    st7789_fill_color                        0x0800575f   Thumb Code    70  st7789.o(i.st7789_fill_color)
    st7789_init                              0x080057a5   Thumb Code    52  st7789.o(i.st7789_init)
    st7789_write_string                      0x08005d4d   Thumb Code   126  st7789.o(i.st7789_write_string)
    tim_delay_init                           0x08005dcd   Thumb Code   116  tim_delay.o(i.tim_delay_init)
    tim_delay_us                             0x08005e45   Thumb Code    34  tim_delay.o(i.tim_delay_us)
    tim_now                                  0x08005e69   Thumb Code    52  tim_delay.o(i.tim_now)
    ui_draw_image                            0x08006029   Thumb Code    44  ui.o(i.ui_draw_image)
    ui_fill_color                            0x08006059   Thumb Code    64  ui.o(i.ui_fill_color)
    ui_init                                  0x08006141   Thumb Code    52  ui.o(i.ui_init)
    ui_write_string                          0x0800618d   Thumb Code   106  ui.o(i.ui_write_string)
    uxListRemove                             0x08006221   Thumb Code    40  list.o(i.uxListRemove)
    vApplicationMallocFailedHook             0x08006249   Thumb Code    18  board.o(i.vApplicationMallocFailedHook)
    vApplicationStackOverflowHook            0x0800627d   Thumb Code    24  board.o(i.vApplicationStackOverflowHook)
    vAssertCalled                            0x080062bd   Thumb Code    36  board.o(i.vAssertCalled)
    vListInitialise                          0x080062f9   Thumb Code    26  list.o(i.vListInitialise)
    vListInitialiseItem                      0x08006313   Thumb Code     6  list.o(i.vListInitialiseItem)
    vListInsert                              0x08006319   Thumb Code    52  list.o(i.vListInsert)
    vListInsertEnd                           0x0800634d   Thumb Code    24  list.o(i.vListInsertEnd)
    vPortEnterCritical                       0x08006365   Thumb Code    66  port.o(i.vPortEnterCritical)
    vPortExitCritical                        0x080063d9   Thumb Code    46  port.o(i.vPortExitCritical)
    vPortFree                                0x08006435   Thumb Code   126  heap_4.o(i.vPortFree)
    vPortSetupTimerInterrupt                 0x080064e9   Thumb Code    36  port.o(i.vPortSetupTimerInterrupt)
    vPortValidateInterruptPriority           0x08006511   Thumb Code    82  port.o(i.vPortValidateInterruptPriority)
    vQueueAddToRegistry                      0x08006599   Thumb Code    38  queue.o(i.vQueueAddToRegistry)
    vQueueWaitForMessageRestricted           0x080065c5   Thumb Code    74  queue.o(i.vQueueWaitForMessageRestricted)
    vTaskDelay                               0x08006611   Thumb Code    70  tasks.o(i.vTaskDelay)
    vTaskDelete                              0x08006681   Thumb Code   198  tasks.o(i.vTaskDelete)
    vTaskInternalSetTimeOutState             0x08006791   Thumb Code    14  tasks.o(i.vTaskInternalSetTimeOutState)
    vTaskMissedYield                         0x080067a9   Thumb Code     8  tasks.o(i.vTaskMissedYield)
    vTaskPlaceOnEventList                    0x080067b5   Thumb Code    40  tasks.o(i.vTaskPlaceOnEventList)
    vTaskPlaceOnEventListRestricted          0x08006801   Thumb Code    48  tasks.o(i.vTaskPlaceOnEventListRestricted)
    vTaskPriorityDisinheritAfterTimeout      0x08006855   Thumb Code   192  tasks.o(i.vTaskPriorityDisinheritAfterTimeout)
    vTaskStartScheduler                      0x08006941   Thumb Code   110  tasks.o(i.vTaskStartScheduler)
    vTaskSuspendAll                          0x080069f1   Thumb Code    12  tasks.o(i.vTaskSuspendAll)
    vTaskSwitchContext                       0x08006a01   Thumb Code   136  tasks.o(i.vTaskSwitchContext)
    welcome_page_display                     0x08006af5   Thumb Code   100  welcome_page.o(i.welcome_page_display)
    wifi_init                                0x08006b89   Thumb Code    74  wifi.o(i.wifi_init)
    wifi_page_display                        0x08006c59   Thumb Code   136  wifi_page.o(i.wifi_page_display)
    wifi_wait_connect                        0x08006e1d   Thumb Code   104  wifi.o(i.wifi_wait_connect)
    workqueue_init                           0x08006f71   Thumb Code    54  workqueue.o(i.workqueue_init)
    workqueue_run                            0x08006fd1   Thumb Code    40  workqueue.o(i.workqueue_run)
    xPortStartScheduler                      0x08007011   Thumb Code   312  port.o(i.xPortStartScheduler)
    xQueueGenericCreate                      0x0800718d   Thumb Code   126  queue.o(i.xQueueGenericCreate)
    xQueueGenericReset                       0x0800722d   Thumb Code   134  queue.o(i.xQueueGenericReset)
    xQueueGenericSend                        0x080072d9   Thumb Code   418  queue.o(i.xQueueGenericSend)
    xQueueGenericSendFromISR                 0x080074a1   Thumb Code   262  queue.o(i.xQueueGenericSendFromISR)
    xQueueGiveFromISR                        0x080075c9   Thumb Code   232  queue.o(i.xQueueGiveFromISR)
    xQueueReceive                            0x080076d1   Thumb Code   320  queue.o(i.xQueueReceive)
    xQueueSemaphoreTake                      0x08007835   Thumb Code   386  queue.o(i.xQueueSemaphoreTake)
    xTaskCheckForTimeOut                     0x080079dd   Thumb Code   112  tasks.o(i.xTaskCheckForTimeOut)
    xTaskCreate                              0x08007a75   Thumb Code    96  tasks.o(i.xTaskCreate)
    xTaskGetSchedulerState                   0x08007ad5   Thumb Code    24  tasks.o(i.xTaskGetSchedulerState)
    xTaskGetTickCount                        0x08007af5   Thumb Code     6  tasks.o(i.xTaskGetTickCount)
    xTaskIncrementTick                       0x08007b01   Thumb Code   270  tasks.o(i.xTaskIncrementTick)
    xTaskPriorityDisinherit                  0x08007c5d   Thumb Code   150  tasks.o(i.xTaskPriorityDisinherit)
    xTaskPriorityInherit                     0x08007d21   Thumb Code   172  tasks.o(i.xTaskPriorityInherit)
    xTaskRemoveFromEventList                 0x08007dd9   Thumb Code   116  tasks.o(i.xTaskRemoveFromEventList)
    xTaskResumeAll                           0x08007e85   Thumb Code   212  tasks.o(i.xTaskResumeAll)
    xTimerCreate                             0x08007f9d   Thumb Code    54  timers.o(i.xTimerCreate)
    xTimerCreateTimerTask                    0x08007fd5   Thumb Code    52  timers.o(i.xTimerCreateTimerTask)
    xTimerGenericCommand                     0x0800803d   Thumb Code   114  timers.o(i.xTimerGenericCommand)
    font16_maple                             0x080086c4   Data          16  font16_maple.o(.constdata)
    font20_maple_bold                        0x08009b84   Data          16  font20_maple_bold.o(.constdata)
    font24_maple_semibold                    0x08009ff4   Data          16  font24_maple_semibold.o(.constdata)
    font24_maple_bold                        0x0800b724   Data          16  font24_maple_bold.o(.constdata)
    font32_maple_bold                        0x0800d3bc   Data          16  font32_maple_bold.o(.constdata)
    font54_maple_bold                        0x0800dec4   Data          16  font54_maple_bold.o(.constdata)
    font54_maple_semibold                    0x0800e9cc   Data          16  font54_maple_semibold.o(.constdata)
    font64_maple_extrabold                   0x0800f6dc   Data          16  font64_maple_extrabold.o(.constdata)
    font76_maple_extrabold                   0x08010a38   Data          16  font76_maple_extrabold.o(.constdata)
    img_meihua                               0x08020768   Data           8  img_meihua.o(.constdata)
    img_error                                0x0802cf70   Data           8  img_error.o(.constdata)
    img_wifi                                 0x0803b618   Data           8  img_wifi.o(.constdata)
    icon_wifi                                0x0803baa0   Data           8  icon_wifi.o(.constdata)
    icon_wenduji                             0x0803c308   Data           8  icon_wenduji.o(.constdata)
    icon_duoyun                              0x0803d9d8   Data           8  icon_duoyun.o(.constdata)
    icon_leizhenyu                           0x0803f0a8   Data           8  icon_leizhenyu.o(.constdata)
    icon_qing                                0x08040778   Data           8  icon_qing.o(.constdata)
    icon_yintian                             0x08041e48   Data           8  icon_yintian.o(.constdata)
    icon_yueliang                            0x08043518   Data           8  icon_yueliang.o(.constdata)
    icon_zhongxue                            0x08044be8   Data           8  icon_zhongxue.o(.constdata)
    icon_zhongyu                             0x080462b8   Data           8  icon_zhongyu.o(.constdata)
    icon_na                                  0x08047988   Data           8  icon_na.o(.constdata)
    __ctype_categories                       0x08047a04   Data          64  ctype_c.o(.constdata)
    Region$$Table$$Base                      0x08047be0   Number         0  anon$$obj.o(Region$$Table)
    Region$$Table$$Limit                     0x08047c00   Number         0  anon$$obj.o(Region$$Table)
    SystemCoreClock                          0x2000005c   Data           4  system_stm32f4xx.o(.data)
    AHBPrescTable                            0x20000060   Data          16  system_stm32f4xx.o(.data)
    pxCurrentTCB                             0x20000080   Data           4  tasks.o(.data)
    uxTopUsedPriority                        0x200000b8   Data           4  tasks.o(.data)
    __stdout                                 0x20000100   Data           4  stdout.o(.data)
    xQueueRegistry                           0x20002ea0   Data          80  queue.o(.bss)
    __initial_sp                             0x2001b048   Data           0  startup_stm32f40_41xxx.o(STACK)



==============================================================================

Memory Map of the image

  Image Entry point : 0x08000189

  Load Region LR_IROM1 (Base: 0x08000000, Size: 0x00047d08, Max: 0x00080000, ABSOLUTE)

    Execution Region ER_IROM1 (Exec base: 0x08000000, Load base: 0x08000000, Size: 0x00047c00, Max: 0x00080000, ABSOLUTE)

    Exec Addr    Load Addr    Size         Type   Attr      Idx    E Section Name        Object

    0x08000000   0x08000000   0x00000188   Data   RO         1534    RESET               startup_stm32f40_41xxx.o
    0x08000188   0x08000188   0x00000000   Code   RO         7609  * .ARM.Collect$$$$00000000  mc_w.l(entry.o)
    0x08000188   0x08000188   0x00000004   Code   RO         7903    .ARM.Collect$$$$00000001  mc_w.l(entry2.o)
    0x0800018c   0x0800018c   0x00000004   Code   RO         7906    .ARM.Collect$$$$00000004  mc_w.l(entry5.o)
    0x08000190   0x08000190   0x00000000   Code   RO         7908    .ARM.Collect$$$$00000008  mc_w.l(entry7b.o)
    0x08000190   0x08000190   0x00000000   Code   RO         7910    .ARM.Collect$$$$0000000A  mc_w.l(entry8b.o)
    0x08000190   0x08000190   0x00000008   Code   RO         7911    .ARM.Collect$$$$0000000B  mc_w.l(entry9a.o)
    0x08000198   0x08000198   0x00000000   Code   RO         7913    .ARM.Collect$$$$0000000D  mc_w.l(entry10a.o)
    0x08000198   0x08000198   0x00000000   Code   RO         7915    .ARM.Collect$$$$0000000F  mc_w.l(entry11a.o)
    0x08000198   0x08000198   0x00000004   Code   RO         7904    .ARM.Collect$$$$00002712  mc_w.l(entry2.o)
    0x0800019c   0x0800019c   0x000000be   Code   RO         7517    .emb_text           port.o
    0x0800025a   0x0800025a   0x00000002   PAD
    0x0800025c   0x0800025c   0x00000024   Code   RO         1535    .text               startup_stm32f40_41xxx.o
    0x08000280   0x08000280   0x00000062   Code   RO         7612    .text               mc_w.l(uldiv.o)
    0x080002e2   0x080002e2   0x00000024   Code   RO         7614    .text               mc_w.l(memcpya.o)
    0x08000306   0x08000306   0x00000024   Code   RO         7616    .text               mc_w.l(memseta.o)
    0x0800032a   0x0800032a   0x00000024   Code   RO         7618    .text               mc_w.l(strstr.o)
    0x0800034e   0x0800034e   0x00000018   Code   RO         7620    .text               mc_w.l(strncpy.o)
    0x08000366   0x08000366   0x0000000e   Code   RO         7622    .text               mc_w.l(strlen.o)
    0x08000374   0x08000374   0x0000001c   Code   RO         7624    .text               mc_w.l(strcmp.o)
    0x08000390   0x08000390   0x0000001a   Code   RO         7626    .text               mc_w.l(memcmp.o)
    0x080003aa   0x080003aa   0x00000012   Code   RO         7628    .text               mc_w.l(strcpy.o)
    0x080003bc   0x080003bc   0x00000038   Code   RO         7893    .text               mc_w.l(__0sscanf.o)
    0x080003f4   0x080003f4   0x0000014c   Code   RO         7895    .text               mc_w.l(_scanf_int.o)
    0x08000540   0x08000540   0x000000e0   Code   RO         7897    .text               mc_w.l(_scanf_str.o)
    0x08000620   0x08000620   0x00000026   Code   RO         7899    .text               mf_w.l(f2d.o)
    0x08000646   0x08000646   0x00000038   Code   RO         7901    .text               mf_w.l(d2f.o)
    0x0800067e   0x0800067e   0x0000002c   Code   RO         7918    .text               mc_w.l(uidiv.o)
    0x080006aa   0x080006aa   0x0000001e   Code   RO         7920    .text               mc_w.l(llshl.o)
    0x080006c8   0x080006c8   0x00000020   Code   RO         7922    .text               mc_w.l(llushr.o)
    0x080006e8   0x080006e8   0x0000001c   Code   RO         7931    .text               mc_w.l(_chval.o)
    0x08000704   0x08000704   0x00000028   Code   RO         7933    .text               mc_w.l(scanf_char.o)
    0x0800072c   0x0800072c   0x00000040   Code   RO         7935    .text               mc_w.l(_sgetc.o)
    0x0800076c   0x0800076c   0x0000009c   Code   RO         7937    .text               mc_w.l(strtod.o)
    0x08000808   0x08000808   0x00000000   Code   RO         7939    .text               mc_w.l(iusefp.o)
    0x08000808   0x08000808   0x0000006e   Code   RO         7940    .text               mf_w.l(fepilogue.o)
    0x08000876   0x08000876   0x0000014e   Code   RO         7942    .text               mf_w.l(dadd.o)
    0x080009c4   0x080009c4   0x000000e4   Code   RO         7944    .text               mf_w.l(dmul.o)
    0x08000aa8   0x08000aa8   0x000000de   Code   RO         7946    .text               mf_w.l(ddiv.o)
    0x08000b86   0x08000b86   0x00000030   Code   RO         7948    .text               mf_w.l(dfixul.o)
    0x08000bb6   0x08000bb6   0x00000002   PAD
    0x08000bb8   0x08000bb8   0x00000030   Code   RO         7950    .text               mf_w.l(cdrcmple.o)
    0x08000be8   0x08000be8   0x00000024   Code   RO         7952    .text               mc_w.l(init.o)
    0x08000c0c   0x08000c0c   0x00000024   Code   RO         7954    .text               mc_w.l(llsshr.o)
    0x08000c30   0x08000c30   0x0000000a   Code   RO         7956    .text               mc_w.l(isspace_c.o)
    0x08000c3a   0x08000c3a   0x00000002   PAD
    0x08000c3c   0x08000c3c   0x0000032c   Code   RO         7958    .text               mc_w.l(_scanf.o)
    0x08000f68   0x08000f68   0x00000360   Code   RO         7960    .text               mc_w.l(scanf_fp.o)
    0x080012c8   0x080012c8   0x000000ba   Code   RO         7964    .text               mf_w.l(depilogue.o)
    0x08001382   0x08001382   0x00000002   PAD
    0x08001384   0x08001384   0x00000028   Code   RO         7966    .text               mc_w.l(ctype_c.o)
    0x080013ac   0x080013ac   0x00000018   Code   RO         7969    .text               mf_w.l(dfltul.o)
    0x080013c4   0x080013c4   0x00000048   Code   RO         1116    i.DMA1_Stream4_IRQHandler  st7789.o
    0x0800140c   0x0800140c   0x00000048   Code   RO          958    i.DMA2_Stream7_IRQHandler  console.o
    0x08001454   0x08001454   0x00000034   Code   RO         2656    i.DMA_ClearFlag     stm32f4xx_dma.o
    0x08001488   0x08001488   0x00000034   Code   RO         2657    i.DMA_ClearITPendingBit  stm32f4xx_dma.o
    0x080014bc   0x080014bc   0x00000016   Code   RO         2658    i.DMA_Cmd           stm32f4xx_dma.o
    0x080014d2   0x080014d2   0x00000002   PAD
    0x080014d4   0x080014d4   0x00000064   Code   RO         2668    i.DMA_GetITStatus   stm32f4xx_dma.o
    0x08001538   0x08001538   0x0000003a   Code   RO         2669    i.DMA_ITConfig      stm32f4xx_dma.o
    0x08001572   0x08001572   0x00000002   PAD
    0x08001574   0x08001574   0x00000058   Code   RO         2670    i.DMA_Init          stm32f4xx_dma.o
    0x080015cc   0x080015cc   0x00000022   Code   RO         2674    i.DMA_StructInit    stm32f4xx_dma.o
    0x080015ee   0x080015ee   0x00000090   Code   RO         3458    i.GPIO_Init         stm32f4xx_gpio.o
    0x0800167e   0x0800167e   0x00000046   Code   RO         3459    i.GPIO_PinAFConfig  stm32f4xx_gpio.o
    0x080016c4   0x080016c4   0x00000006   Code   RO         3465    i.GPIO_ResetBits    stm32f4xx_gpio.o
    0x080016ca   0x080016ca   0x00000004   Code   RO         3466    i.GPIO_SetBits      stm32f4xx_gpio.o
    0x080016ce   0x080016ce   0x00000012   Code   RO         3467    i.GPIO_StructInit   stm32f4xx_gpio.o
    0x080016e0   0x080016e0   0x0000000c   Code   RO         3470    i.GPIO_WriteBit     stm32f4xx_gpio.o
    0x080016ec   0x080016ec   0x00000018   Code   RO         3746    i.I2C_AcknowledgeConfig  stm32f4xx_i2c.o
    0x08001704   0x08001704   0x0000003e   Code   RO         3749    i.I2C_CheckEvent    stm32f4xx_i2c.o
    0x08001742   0x08001742   0x00000018   Code   RO         3760    i.I2C_GenerateSTART  stm32f4xx_i2c.o
    0x0800175a   0x0800175a   0x00000018   Code   RO         3761    i.I2C_GenerateSTOP  stm32f4xx_i2c.o
    0x08001772   0x08001772   0x00000002   PAD
    0x08001774   0x08001774   0x000000e8   Code   RO         3767    i.I2C_Init          stm32f4xx_i2c.o
    0x0800185c   0x0800185c   0x00000008   Code   RO         3772    i.I2C_ReceiveData   stm32f4xx_i2c.o
    0x08001864   0x08001864   0x00000010   Code   RO         3774    i.I2C_Send7bitAddress  stm32f4xx_i2c.o
    0x08001874   0x08001874   0x00000004   Code   RO         3775    i.I2C_SendData      stm32f4xx_i2c.o
    0x08001878   0x08001878   0x0000001e   Code   RO         3778    i.I2C_StructInit    stm32f4xx_i2c.o
    0x08001896   0x08001896   0x00000002   PAD
    0x08001898   0x08001898   0x00000078   Code   RO         1583    i.NVIC_Init         misc.o
    0x08001910   0x08001910   0x00000028   Code   RO          959    i.NVIC_SetPriority  console.o
    0x08001938   0x08001938   0x0000000c   Code   RO         4249    i.PWR_BackupAccessCmd  stm32f4xx_pwr.o
    0x08001944   0x08001944   0x00000020   Code   RO         4384    i.RCC_AHB1PeriphClockCmd  stm32f4xx_rcc.o
    0x08001964   0x08001964   0x00000020   Code   RO         4393    i.RCC_APB1PeriphClockCmd  stm32f4xx_rcc.o
    0x08001984   0x08001984   0x00000020   Code   RO         4396    i.RCC_APB2PeriphClockCmd  stm32f4xx_rcc.o
    0x080019a4   0x080019a4   0x000000e8   Code   RO         4405    i.RCC_GetClocksFreq  stm32f4xx_rcc.o
    0x08001a8c   0x08001a8c   0x00000040   Code   RO         4406    i.RCC_GetFlagStatus  stm32f4xx_rcc.o
    0x08001acc   0x08001acc   0x0000002c   Code   RO         4414    i.RCC_LSEConfig     stm32f4xx_rcc.o
    0x08001af8   0x08001af8   0x0000000c   Code   RO         4428    i.RCC_RTCCLKCmd     stm32f4xx_rcc.o
    0x08001b04   0x08001b04   0x0000003c   Code   RO         4429    i.RCC_RTCCLKConfig  stm32f4xx_rcc.o
    0x08001b40   0x08001b40   0x00000016   Code   RO         4791    i.RTC_Bcd2ToByte    stm32f4xx_rtc.o
    0x08001b56   0x08001b56   0x0000001c   Code   RO         4793    i.RTC_ByteToBcd2    stm32f4xx_rtc.o
    0x08001b72   0x08001b72   0x0000000e   Code   RO         4800    i.RTC_DateStructInit  stm32f4xx_rtc.o
    0x08001b80   0x08001b80   0x00000050   Code   RO         4803    i.RTC_EnterInitMode  stm32f4xx_rtc.o
    0x08001bd0   0x08001bd0   0x00000014   Code   RO         4804    i.RTC_ExitInitMode  stm32f4xx_rtc.o
    0x08001be4   0x08001be4   0x0000004c   Code   RO         4807    i.RTC_GetDate       stm32f4xx_rtc.o
    0x08001c30   0x08001c30   0x00000050   Code   RO         4812    i.RTC_GetTime       stm32f4xx_rtc.o
    0x08001c80   0x08001c80   0x00000064   Code   RO         4817    i.RTC_Init          stm32f4xx_rtc.o
    0x08001ce4   0x08001ce4   0x000000c8   Code   RO         4823    i.RTC_SetDate       stm32f4xx_rtc.o
    0x08001dac   0x08001dac   0x000000d0   Code   RO         4824    i.RTC_SetTime       stm32f4xx_rtc.o
    0x08001e7c   0x08001e7c   0x0000000e   Code   RO         4827    i.RTC_StructInit    stm32f4xx_rtc.o
    0x08001e8a   0x08001e8a   0x0000000c   Code   RO         4839    i.RTC_TimeStructInit  stm32f4xx_rtc.o
    0x08001e96   0x08001e96   0x00000002   PAD
    0x08001e98   0x08001e98   0x00000060   Code   RO         4840    i.RTC_WaitForSynchro  stm32f4xx_rtc.o
    0x08001ef8   0x08001ef8   0x00000018   Code   RO         5542    i.SPI_Cmd           stm32f4xx_spi.o
    0x08001f10   0x08001f10   0x00000012   Code   RO         5543    i.SPI_DataSizeConfig  stm32f4xx_spi.o
    0x08001f22   0x08001f22   0x00000012   Code   RO         5548    i.SPI_I2S_DMACmd    stm32f4xx_spi.o
    0x08001f34   0x08001f34   0x00000012   Code   RO         5550    i.SPI_I2S_GetFlagStatus  stm32f4xx_spi.o
    0x08001f46   0x08001f46   0x00000004   Code   RO         5554    i.SPI_I2S_SendData  stm32f4xx_spi.o
    0x08001f4a   0x08001f4a   0x0000003c   Code   RO         5555    i.SPI_Init          stm32f4xx_spi.o
    0x08001f86   0x08001f86   0x00000018   Code   RO         5558    i.SPI_StructInit    stm32f4xx_spi.o
    0x08001f9e   0x08001f9e   0x00000002   PAD
    0x08001fa0   0x08001fa0   0x000000ec   Code   RO         1542    i.SetSysClock       system_stm32f4xx.o
    0x0800208c   0x0800208c   0x00000034   Code   RO         7518    i.SysTick_Handler   port.o
    0x080020c0   0x080020c0   0x00000068   Code   RO         1544    i.SystemInit        system_stm32f4xx.o
    0x08002128   0x08002128   0x00000044   Code   RO         1419    i.TIM6_DAC_IRQHandler  tim_delay.o
    0x0800216c   0x0800216c   0x00000006   Code   RO         5775    i.TIM_ClearITPendingBit  stm32f4xx_tim.o
    0x08002172   0x08002172   0x00000018   Code   RO         5780    i.TIM_Cmd           stm32f4xx_tim.o
    0x0800218a   0x0800218a   0x00000006   Code   RO         5799    i.TIM_GetCounter    stm32f4xx_tim.o
    0x08002190   0x08002190   0x00000022   Code   RO         5801    i.TIM_GetITStatus   stm32f4xx_tim.o
    0x080021b2   0x080021b2   0x00000012   Code   RO         5805    i.TIM_ITConfig      stm32f4xx_tim.o
    0x080021c4   0x080021c4   0x00000084   Code   RO         5852    i.TIM_TimeBaseInit  stm32f4xx_tim.o
    0x08002248   0x08002248   0x00000012   Code   RO         5853    i.TIM_TimeBaseStructInit  stm32f4xx_tim.o
    0x0800225a   0x0800225a   0x00000002   PAD
    0x0800225c   0x0800225c   0x0000003c   Code   RO          960    i.USART1_IRQHandler  console.o
    0x08002298   0x08002298   0x000000b0   Code   RO         1254    i.USART2_IRQHandler  esp_at.o
    0x08002348   0x08002348   0x0000001e   Code   RO         6331    i.USART_ClearITPendingBit  stm32f4xx_usart.o
    0x08002366   0x08002366   0x00000018   Code   RO         6334    i.USART_Cmd         stm32f4xx_usart.o
    0x0800237e   0x0800237e   0x00000012   Code   RO         6335    i.USART_DMACmd      stm32f4xx_usart.o
    0x08002390   0x08002390   0x0000001a   Code   RO         6337    i.USART_GetFlagStatus  stm32f4xx_usart.o
    0x080023aa   0x080023aa   0x00000054   Code   RO         6338    i.USART_GetITStatus  stm32f4xx_usart.o
    0x080023fe   0x080023fe   0x0000004a   Code   RO         6340    i.USART_ITConfig    stm32f4xx_usart.o
    0x08002448   0x08002448   0x000000d4   Code   RO         6341    i.USART_Init        stm32f4xx_usart.o
    0x0800251c   0x0800251c   0x0000000a   Code   RO         6348    i.USART_ReceiveData  stm32f4xx_usart.o
    0x08002526   0x08002526   0x00000008   Code   RO         6351    i.USART_SendData    stm32f4xx_usart.o
    0x0800252e   0x0800252e   0x00000018   Code   RO         6357    i.USART_StructInit  stm32f4xx_usart.o
    0x08002546   0x08002546   0x00000002   PAD
    0x08002548   0x08002548   0x00000020   Code   RO         7865    i.__0printf         mc_w.l(printfa.o)
    0x08002568   0x08002568   0x00000030   Code   RO         7866    i.__0snprintf       mc_w.l(printfa.o)
    0x08002598   0x08002598   0x00000038   Code   RO         7603    i.__hardfp_atof     m_wm.l(atof.o)
    0x080025d0   0x080025d0   0x0000000c   Code   RO         7925    i.__read_errno      mc_w.l(errno.o)
    0x080025dc   0x080025dc   0x0000000e   Code   RO         7973    i.__scatterload_copy  mc_w.l(handlers.o)
    0x080025ea   0x080025ea   0x00000002   Code   RO         7974    i.__scatterload_null  mc_w.l(handlers.o)
    0x080025ec   0x080025ec   0x0000000e   Code   RO         7975    i.__scatterload_zeroinit  mc_w.l(handlers.o)
    0x080025fa   0x080025fa   0x00000002   PAD
    0x080025fc   0x080025fc   0x0000000c   Code   RO         7926    i.__set_errno       mc_w.l(errno.o)
    0x08002608   0x08002608   0x00000184   Code   RO         7872    i._fp_digits        mc_w.l(printfa.o)
    0x0800278c   0x0800278c   0x0000000e   Code   RO         7962    i._is_digit         mc_w.l(scanf_fp.o)
    0x0800279a   0x0800279a   0x00000002   PAD
    0x0800279c   0x0800279c   0x000006dc   Code   RO         7873    i._printf_core      mc_w.l(printfa.o)
    0x08002e78   0x08002e78   0x00000024   Code   RO         7874    i._printf_post_padding  mc_w.l(printfa.o)
    0x08002e9c   0x08002e9c   0x0000002e   Code   RO         7875    i._printf_pre_padding  mc_w.l(printfa.o)
    0x08002eca   0x08002eca   0x00000050   Code   RO          912    i._rtc_get_time_once  rtc.o
    0x08002f1a   0x08002f1a   0x00000052   Code   RO          913    i._rtc_set_time_once  rtc.o
    0x08002f6c   0x08002f6c   0x00000016   Code   RO         7876    i._snputc           mc_w.l(printfa.o)
    0x08002f82   0x08002f82   0x00000002   PAD
    0x08002f84   0x08002f84   0x000000c8   Code   RO         1049    i.aht20_init        aht20.o
    0x0800304c   0x0800304c   0x00000016   Code   RO         1050    i.aht20_is_busy     aht20.o
    0x08003062   0x08003062   0x00000018   Code   RO         1051    i.aht20_is_ready    aht20.o
    0x0800307a   0x0800307a   0x00000002   PAD
    0x0800307c   0x0800307c   0x000000d0   Code   RO         1052    i.aht20_read        aht20.o
    0x0800314c   0x0800314c   0x0000009c   Code   RO         1053    i.aht20_read_measurement  aht20.o
    0x080031e8   0x080031e8   0x00000028   Code   RO         1054    i.aht20_read_status  aht20.o
    0x08003210   0x08003210   0x00000018   Code   RO         1055    i.aht20_start_measurement  aht20.o
    0x08003228   0x08003228   0x00000020   Code   RO         1056    i.aht20_wait_for_measurement  aht20.o
    0x08003248   0x08003248   0x000000c4   Code   RO         1057    i.aht20_write       aht20.o
    0x0800330c   0x0800330c   0x00000180   Code   RO          345    i.app_init          app.o
    0x0800348c   0x0800348c   0x00000010   Code   RO          346    i.app_timer_cb      app.o
    0x0800349c   0x0800349c   0x0000000a   Code   RO          347    i.app_work          app.o
    0x080034a6   0x080034a6   0x00000052   Code   RO         1117    i.ascii_get_model   st7789.o
    0x080034f8   0x080034f8   0x00000054   Code   RO          196    i.board_init        board.o
    0x0800354c   0x0800354c   0x0000008c   Code   RO          197    i.board_lowlevel_init  board.o
    0x080035d8   0x080035d8   0x0000005c   Code   RO          961    i.console_dma_init  console.o
    0x08003634   0x08003634   0x00000050   Code   RO          962    i.console_init      console.o
    0x08003684   0x08003684   0x0000003e   Code   RO          963    i.console_int_init  console.o
    0x080036c2   0x080036c2   0x00000002   PAD
    0x080036c4   0x080036c4   0x0000003c   Code   RO          964    i.console_io_init   console.o
    0x08003700   0x08003700   0x00000054   Code   RO          966    i.console_usart_init  console.o
    0x08003754   0x08003754   0x00000064   Code   RO          822    i.error_page_display  error_page.o
    0x080037b8   0x080037b8   0x0000006c   Code   RO         1255    i.esp_at_connect_wifi  esp_at.o
    0x08003824   0x08003824   0x00000058   Code   RO         1256    i.esp_at_dma_init   esp_at.o
    0x0800387c   0x0800387c   0x00000008   Code   RO         1257    i.esp_at_get_response  esp_at.o
    0x08003884   0x08003884   0x00000070   Code   RO         1258    i.esp_at_get_wifi_info  esp_at.o
    0x080038f4   0x080038f4   0x00000050   Code   RO         1259    i.esp_at_http_get   esp_at.o
    0x08003944   0x08003944   0x00000084   Code   RO         1260    i.esp_at_init       esp_at.o
    0x080039c8   0x080039c8   0x0000004c   Code   RO         1261    i.esp_at_int_init   esp_at.o
    0x08003a14   0x08003a14   0x0000003c   Code   RO         1262    i.esp_at_io_init    esp_at.o
    0x08003a50   0x08003a50   0x00000014   Code   RO         1263    i.esp_at_lowlevel_init  esp_at.o
    0x08003a64   0x08003a64   0x00000040   Code   RO         1264    i.esp_at_sntp_get_time  esp_at.o
    0x08003aa4   0x08003aa4   0x0000002c   Code   RO         1265    i.esp_at_sntp_init  esp_at.o
    0x08003ad0   0x08003ad0   0x00000054   Code   RO         1266    i.esp_at_usart_init  esp_at.o
    0x08003b24   0x08003b24   0x00000054   Code   RO         1267    i.esp_at_usart_wait_receive  esp_at.o
    0x08003b78   0x08003b78   0x00000038   Code   RO         1268    i.esp_at_usart_write  esp_at.o
    0x08003bb0   0x08003bb0   0x00000028   Code   RO         1269    i.esp_at_wait_boot  esp_at.o
    0x08003bd8   0x08003bd8   0x00000016   Code   RO         1270    i.esp_at_wait_ready  esp_at.o
    0x08003bee   0x08003bee   0x00000002   PAD
    0x08003bf0   0x08003bf0   0x00000020   Code   RO         1271    i.esp_at_wifi_init  esp_at.o
    0x08003c10   0x08003c10   0x00000060   Code   RO         1272    i.esp_at_write_command  esp_at.o
    0x08003c70   0x08003c70   0x00000024   Code   RO          198    i.fputc             board.o
    0x08003c94   0x08003c94   0x00000030   Code   RO         1118    i.in_screen_range   st7789.o
    0x08003cc4   0x08003cc4   0x00000168   Code   RO          348    i.inner_update      app.o
    0x08003e2c   0x08003e2c   0x00000012   Code   RO         1119    i.is_gb2312         st7789.o
    0x08003e3e   0x08003e3e   0x00000002   PAD
    0x08003e40   0x08003e40   0x00000034   Code   RO            4    i.main              main.o
    0x08003e74   0x08003e74   0x0000002c   Code   RO            5    i.main_init         main.o
    0x08003ea0   0x08003ea0   0x0000018c   Code   RO          848    i.main_page_display  main_page.o
    0x0800402c   0x0800402c   0x000000bc   Code   RO          849    i.main_page_redraw_date  main_page.o
    0x080040e8   0x080040e8   0x0000006c   Code   RO          850    i.main_page_redraw_inner_humidity  main_page.o
    0x08004154   0x08004154   0x0000007c   Code   RO          851    i.main_page_redraw_inner_temperature  main_page.o
    0x080041d0   0x080041d0   0x00000034   Code   RO          852    i.main_page_redraw_outdoor_city  main_page.o
    0x08004204   0x08004204   0x0000007c   Code   RO          853    i.main_page_redraw_outdoor_temperature  main_page.o
    0x08004280   0x08004280   0x000000b8   Code   RO          854    i.main_page_redraw_outdoor_weather_icon  main_page.o
    0x08004338   0x08004338   0x00000054   Code   RO          855    i.main_page_redraw_time  main_page.o
    0x0800438c   0x0800438c   0x0000003c   Code   RO          856    i.main_page_redraw_wifi_ssid  main_page.o
    0x080043c8   0x080043c8   0x00000030   Code   RO         1273    i.match_internal_ack  esp_at.o
    0x080043f8   0x080043f8   0x0000003c   Code   RO         1274    i.month_str_to_num  esp_at.o
    0x08004434   0x08004434   0x000000dc   Code   RO          349    i.outdoor_update    app.o
    0x08004510   0x08004510   0x00000090   Code   RO         1275    i.parse_cipsntptime_response  esp_at.o
    0x080045a0   0x080045a0   0x00000068   Code   RO         1276    i.parse_cwjap_response  esp_at.o
    0x08004608   0x08004608   0x00000064   Code   RO         1277    i.parse_cwstate_response  esp_at.o
    0x0800466c   0x0800466c   0x000001b0   Code   RO          317    i.parse_seniverse_response  weather.o
    0x0800481c   0x0800481c   0x00000098   Code   RO         6908    i.prvAddCurrentTaskToDelayedList  tasks.o
    0x080048b4   0x080048b4   0x000000b4   Code   RO         6909    i.prvAddNewTaskToReadyList  tasks.o
    0x08004968   0x08004968   0x00000064   Code   RO         7305    i.prvCheckForValidListAndQueue  timers.o
    0x080049cc   0x080049cc   0x00000048   Code   RO         6910    i.prvCheckTasksWaitingTermination  tasks.o
    0x08004a14   0x08004a14   0x0000002a   Code   RO         6649    i.prvCopyDataFromQueue  queue.o
    0x08004a3e   0x08004a3e   0x0000007e   Code   RO         6650    i.prvCopyDataToQueue  queue.o
    0x08004abc   0x08004abc   0x00000012   Code   RO         6911    i.prvDeleteTCB      tasks.o
    0x08004ace   0x08004ace   0x00000014   Code   RO         6651    i.prvGetDisinheritPriorityAfterTimeout  queue.o
    0x08004ae2   0x08004ae2   0x00000002   PAD
    0x08004ae4   0x08004ae4   0x00000028   Code   RO         7306    i.prvGetNextExpireTime  timers.o
    0x08004b0c   0x08004b0c   0x0000007c   Code   RO         7450    i.prvHeapInit       heap_4.o
    0x08004b88   0x08004b88   0x00000028   Code   RO         6912    i.prvIdleTask       tasks.o
    0x08004bb0   0x08004bb0   0x0000002a   Code   RO         6653    i.prvInitialiseNewQueue  queue.o
    0x08004bda   0x08004bda   0x00000002   PAD
    0x08004bdc   0x08004bdc   0x000000e4   Code   RO         6913    i.prvInitialiseNewTask  tasks.o
    0x08004cc0   0x08004cc0   0x00000070   Code   RO         7307    i.prvInitialiseNewTimer  timers.o
    0x08004d30   0x08004d30   0x00000068   Code   RO         6914    i.prvInitialiseTaskLists  tasks.o
    0x08004d98   0x08004d98   0x00000068   Code   RO         7451    i.prvInsertBlockIntoFreeList  heap_4.o
    0x08004e00   0x08004e00   0x00000058   Code   RO         7308    i.prvInsertTimerInActiveList  timers.o
    0x08004e58   0x08004e58   0x0000001a   Code   RO         6654    i.prvIsQueueEmpty   queue.o
    0x08004e72   0x08004e72   0x0000001e   Code   RO         6655    i.prvIsQueueFull    queue.o
    0x08004e90   0x08004e90   0x000000a8   Code   RO         6656    i.prvNotifyQueueSetContainer  queue.o
    0x08004f38   0x08004f38   0x00000088   Code   RO         7309    i.prvProcessExpiredTimer  timers.o
    0x08004fc0   0x08004fc0   0x00000140   Code   RO         7310    i.prvProcessReceivedCommands  timers.o
    0x08005100   0x08005100   0x00000074   Code   RO         7311    i.prvProcessTimerOrBlockTask  timers.o
    0x08005174   0x08005174   0x00000030   Code   RO         6915    i.prvResetNextTaskUnblockTime  tasks.o
    0x080051a4   0x080051a4   0x0000002c   Code   RO         7312    i.prvSampleTimeNow  timers.o
    0x080051d0   0x080051d0   0x000000b8   Code   RO         7313    i.prvSwitchTimerLists  timers.o
    0x08005288   0x08005288   0x0000005c   Code   RO         7519    i.prvTaskExitError  port.o
    0x080052e4   0x080052e4   0x0000001a   Code   RO         7314    i.prvTimerTask      timers.o
    0x080052fe   0x080052fe   0x00000090   Code   RO         6657    i.prvUnlockQueue    queue.o
    0x0800538e   0x0800538e   0x00000002   PAD
    0x08005390   0x08005390   0x00000174   Code   RO         7452    i.pvPortMalloc      heap_4.o
    0x08005504   0x08005504   0x00000020   Code   RO         6920    i.pvTaskIncrementMutexHeldCount  tasks.o
    0x08005524   0x08005524   0x00000040   Code   RO         7315    i.pvTimerGetTimerID  timers.o
    0x08005564   0x08005564   0x0000002c   Code   RO         7520    i.pxPortInitialiseStack  port.o
    0x08005590   0x08005590   0x0000002a   Code   RO          914    i.rtc_get_time      rtc.o
    0x080055ba   0x080055ba   0x0000001a   Code   RO          915    i.rtc_init          rtc.o
    0x080055d4   0x080055d4   0x0000001e   Code   RO          916    i.rtc_set_time      rtc.o
    0x080055f2   0x080055f2   0x00000002   PAD
    0x080055f4   0x080055f4   0x00000060   Code   RO         1120    i.st7789_dma_init   st7789.o
    0x08005654   0x08005654   0x000000b4   Code   RO         1121    i.st7789_draw_font  st7789.o
    0x08005708   0x08005708   0x00000056   Code   RO         1122    i.st7789_draw_image  st7789.o
    0x0800575e   0x0800575e   0x00000046   Code   RO         1123    i.st7789_fill_color  st7789.o
    0x080057a4   0x080057a4   0x00000054   Code   RO         1124    i.st7789_init       st7789.o
    0x080057f8   0x080057f8   0x00000160   Code   RO         1125    i.st7789_init_display  st7789.o
    0x08005958   0x08005958   0x0000004c   Code   RO         1126    i.st7789_int_init   st7789.o
    0x080059a4   0x080059a4   0x0000009c   Code   RO         1127    i.st7789_io_init    st7789.o
    0x08005a40   0x08005a40   0x00000024   Code   RO         1128    i.st7789_reset      st7789.o
    0x08005a64   0x08005a64   0x00000014   Code   RO         1129    i.st7789_set_backlight  st7789.o
    0x08005a78   0x08005a78   0x0000005e   Code   RO         1130    i.st7789_set_range_and_prepare_gram  st7789.o
    0x08005ad6   0x08005ad6   0x00000002   PAD
    0x08005ad8   0x08005ad8   0x0000005c   Code   RO         1131    i.st7789_spi_init   st7789.o
    0x08005b34   0x08005b34   0x0000006a   Code   RO         1132    i.st7789_write_ascii  st7789.o
    0x08005b9e   0x08005b9e   0x00000072   Code   RO         1133    i.st7789_write_chinese  st7789.o
    0x08005c10   0x08005c10   0x000000a8   Code   RO         1134    i.st7789_write_gram  st7789.o
    0x08005cb8   0x08005cb8   0x00000094   Code   RO         1135    i.st7789_write_register  st7789.o
    0x08005d4c   0x08005d4c   0x0000007e   Code   RO         1136    i.st7789_write_string  st7789.o
    0x08005dca   0x08005dca   0x00000002   PAD
    0x08005dcc   0x08005dcc   0x00000078   Code   RO         1421    i.tim_delay_init    tim_delay.o
    0x08005e44   0x08005e44   0x00000022   Code   RO         1423    i.tim_delay_us      tim_delay.o
    0x08005e66   0x08005e66   0x00000002   PAD
    0x08005e68   0x08005e68   0x0000003c   Code   RO         1425    i.tim_now           tim_delay.o
    0x08005ea4   0x08005ea4   0x00000140   Code   RO          350    i.time_sync         app.o
    0x08005fe4   0x08005fe4   0x00000044   Code   RO          351    i.time_update       app.o
    0x08006028   0x08006028   0x00000030   Code   RO          419    i.ui_draw_image     ui.o
    0x08006058   0x08006058   0x00000044   Code   RO          420    i.ui_fill_color     ui.o
    0x0800609c   0x0800609c   0x000000a4   Code   RO          421    i.ui_func           ui.o
    0x08006140   0x08006140   0x0000004c   Code   RO          422    i.ui_init           ui.o
    0x0800618c   0x0800618c   0x00000094   Code   RO          423    i.ui_write_string   ui.o
    0x08006220   0x08006220   0x00000028   Code   RO         6588    i.uxListRemove      list.o
    0x08006248   0x08006248   0x00000034   Code   RO          199    i.vApplicationMallocFailedHook  board.o
    0x0800627c   0x0800627c   0x00000040   Code   RO          200    i.vApplicationStackOverflowHook  board.o
    0x080062bc   0x080062bc   0x0000003c   Code   RO          201    i.vAssertCalled     board.o
    0x080062f8   0x080062f8   0x0000001a   Code   RO         6589    i.vListInitialise   list.o
    0x08006312   0x08006312   0x00000006   Code   RO         6590    i.vListInitialiseItem  list.o
    0x08006318   0x08006318   0x00000034   Code   RO         6591    i.vListInsert       list.o
    0x0800634c   0x0800634c   0x00000018   Code   RO         6592    i.vListInsertEnd    list.o
    0x08006364   0x08006364   0x00000074   Code   RO         7522    i.vPortEnterCritical  port.o
    0x080063d8   0x080063d8   0x0000005c   Code   RO         7523    i.vPortExitCritical  port.o
    0x08006434   0x08006434   0x000000b4   Code   RO         7453    i.vPortFree         heap_4.o
    0x080064e8   0x080064e8   0x00000028   Code   RO         7524    i.vPortSetupTimerInterrupt  port.o
    0x08006510   0x08006510   0x00000088   Code   RO         7525    i.vPortValidateInterruptPriority  port.o
    0x08006598   0x08006598   0x0000002c   Code   RO         6661    i.vQueueAddToRegistry  queue.o
    0x080065c4   0x080065c4   0x0000004a   Code   RO         6664    i.vQueueWaitForMessageRestricted  queue.o
    0x0800660e   0x0800660e   0x00000002   PAD
    0x08006610   0x08006610   0x00000070   Code   RO         6929    i.vTaskDelay        tasks.o
    0x08006680   0x08006680   0x00000110   Code   RO         6930    i.vTaskDelete       tasks.o
    0x08006790   0x08006790   0x00000018   Code   RO         6933    i.vTaskInternalSetTimeOutState  tasks.o
    0x080067a8   0x080067a8   0x0000000c   Code   RO         6934    i.vTaskMissedYield  tasks.o
    0x080067b4   0x080067b4   0x0000004c   Code   RO         6935    i.vTaskPlaceOnEventList  tasks.o
    0x08006800   0x08006800   0x00000054   Code   RO         6936    i.vTaskPlaceOnEventListRestricted  tasks.o
    0x08006854   0x08006854   0x000000ec   Code   RO         6938    i.vTaskPriorityDisinheritAfterTimeout  tasks.o
    0x08006940   0x08006940   0x000000b0   Code   RO         6944    i.vTaskStartScheduler  tasks.o
    0x080069f0   0x080069f0   0x00000010   Code   RO         6946    i.vTaskSuspendAll   tasks.o
    0x08006a00   0x08006a00   0x000000bc   Code   RO         6947    i.vTaskSwitchContext  tasks.o
    0x08006abc   0x08006abc   0x00000038   Code   RO         1278    i.weekday_str_to_num  esp_at.o
    0x08006af4   0x08006af4   0x00000094   Code   RO          810    i.welcome_page_display  welcome_page.o
    0x08006b88   0x08006b88   0x000000d0   Code   RO          284    i.wifi_init         wifi.o
    0x08006c58   0x08006c58   0x000000ac   Code   RO          834    i.wifi_page_display  wifi_page.o
    0x08006d04   0x08006d04   0x00000118   Code   RO          352    i.wifi_update       app.o
    0x08006e1c   0x08006e1c   0x00000118   Code   RO          285    i.wifi_wait_connect  wifi.o
    0x08006f34   0x08006f34   0x00000020   Code   RO          482    i.work_func         workqueue.o
    0x08006f54   0x08006f54   0x0000001c   Code   RO          353    i.work_timer_cb     app.o
    0x08006f70   0x08006f70   0x00000060   Code   RO          483    i.workqueue_init    workqueue.o
    0x08006fd0   0x08006fd0   0x00000040   Code   RO          484    i.workqueue_run     workqueue.o
    0x08007010   0x08007010   0x0000017c   Code   RO         7526    i.xPortStartScheduler  port.o
    0x0800718c   0x0800718c   0x000000a0   Code   RO         6669    i.xQueueGenericCreate  queue.o
    0x0800722c   0x0800722c   0x000000ac   Code   RO         6670    i.xQueueGenericReset  queue.o
    0x080072d8   0x080072d8   0x000001c8   Code   RO         6671    i.xQueueGenericSend  queue.o
    0x080074a0   0x080074a0   0x00000128   Code   RO         6672    i.xQueueGenericSendFromISR  queue.o
    0x080075c8   0x080075c8   0x00000108   Code   RO         6673    i.xQueueGiveFromISR  queue.o
    0x080076d0   0x080076d0   0x00000164   Code   RO         6679    i.xQueueReceive     queue.o
    0x08007834   0x08007834   0x000001a8   Code   RO         6684    i.xQueueSemaphoreTake  queue.o
    0x080079dc   0x080079dc   0x00000098   Code   RO         6949    i.xTaskCheckForTimeOut  tasks.o
    0x08007a74   0x08007a74   0x00000060   Code   RO         6950    i.xTaskCreate       tasks.o
    0x08007ad4   0x08007ad4   0x00000020   Code   RO         6959    i.xTaskGetSchedulerState  tasks.o
    0x08007af4   0x08007af4   0x0000000c   Code   RO         6960    i.xTaskGetTickCount  tasks.o
    0x08007b00   0x08007b00   0x0000015c   Code   RO         6962    i.xTaskIncrementTick  tasks.o
    0x08007c5c   0x08007c5c   0x000000c4   Code   RO         6963    i.xTaskPriorityDisinherit  tasks.o
    0x08007d20   0x08007d20   0x000000b8   Code   RO         6964    i.xTaskPriorityInherit  tasks.o
    0x08007dd8   0x08007dd8   0x000000ac   Code   RO         6965    i.xTaskRemoveFromEventList  tasks.o
    0x08007e84   0x08007e84   0x00000118   Code   RO         6966    i.xTaskResumeAll    tasks.o
    0x08007f9c   0x08007f9c   0x00000036   Code   RO         7319    i.xTimerCreate      timers.o
    0x08007fd2   0x08007fd2   0x00000002   PAD
    0x08007fd4   0x08007fd4   0x00000068   Code   RO         7320    i.xTimerCreateTimerTask  timers.o
    0x0800803c   0x0800803c   0x00000098   Code   RO         7321    i.xTimerGenericCommand  timers.o
    0x080080d4   0x080080d4   0x00000600   Data   RO          516    .constdata          font16_maple.o
    0x080086d4   0x080086d4   0x000014c0   Data   RO          529    .constdata          font20_maple_bold.o
    0x08009b94   0x08009b94   0x00000470   Data   RO          543    .constdata          font24_maple_semibold.o
    0x0800a004   0x0800a004   0x00001730   Data   RO          557    .constdata          font24_maple_bold.o
    0x0800b734   0x0800b734   0x00001c98   Data   RO          571    .constdata          font32_maple_bold.o
    0x0800d3cc   0x0800d3cc   0x00000b08   Data   RO          585    .constdata          font54_maple_bold.o
    0x0800ded4   0x0800ded4   0x00000b08   Data   RO          599    .constdata          font54_maple_semibold.o
    0x0800e9dc   0x0800e9dc   0x00000d10   Data   RO          613    .constdata          font64_maple_extrabold.o
    0x0800f6ec   0x0800f6ec   0x0000135c   Data   RO          627    .constdata          font76_maple_extrabold.o
    0x08010a48   0x08010a48   0x0000fd28   Data   RO          641    .constdata          img_meihua.o
    0x08020770   0x08020770   0x0000c808   Data   RO          654    .constdata          img_error.o
    0x0802cf78   0x0802cf78   0x0000e6a8   Data   RO          667    .constdata          img_wifi.o
    0x0803b620   0x0803b620   0x00000488   Data   RO          680    .constdata          icon_wifi.o
    0x0803baa8   0x0803baa8   0x00000868   Data   RO          693    .constdata          icon_wenduji.o
    0x0803c310   0x0803c310   0x000016d0   Data   RO          706    .constdata          icon_duoyun.o
    0x0803d9e0   0x0803d9e0   0x000016d0   Data   RO          719    .constdata          icon_leizhenyu.o
    0x0803f0b0   0x0803f0b0   0x000016d0   Data   RO          732    .constdata          icon_qing.o
    0x08040780   0x08040780   0x000016d0   Data   RO          745    .constdata          icon_yintian.o
    0x08041e50   0x08041e50   0x000016d0   Data   RO          758    .constdata          icon_yueliang.o
    0x08043520   0x08043520   0x000016d0   Data   RO          771    .constdata          icon_zhongxue.o
    0x08044bf0   0x08044bf0   0x000016d0   Data   RO          784    .constdata          icon_zhongyu.o
    0x080462c0   0x080462c0   0x000016d0   Data   RO          797    .constdata          icon_na.o
    0x08047990   0x08047990   0x00000007   Data   RO          857    .constdata          main_page.o
    0x08047997   0x08047997   0x00000001   PAD
    0x08047998   0x08047998   0x0000006c   Data   RO         1281    .constdata          esp_at.o
    0x08047a04   0x08047a04   0x00000040   Data   RO         7967    .constdata          mc_w.l(ctype_c.o)
    0x08047a44   0x08047a44   0x0000006d   Data   RO          355    .conststring        app.o
    0x08047ab1   0x08047ab1   0x00000003   PAD
    0x08047ab4   0x08047ab4   0x00000053   Data   RO          530    .conststring        font20_maple_bold.o
    0x08047b07   0x08047b07   0x00000001   PAD
    0x08047b08   0x08047b08   0x00000007   Data   RO          544    .conststring        font24_maple_semibold.o
    0x08047b0f   0x08047b0f   0x00000001   PAD
    0x08047b10   0x08047b10   0x0000000b   Data   RO          558    .conststring        font24_maple_bold.o
    0x08047b1b   0x08047b1b   0x00000001   PAD
    0x08047b1c   0x08047b1c   0x0000001f   Data   RO          572    .conststring        font32_maple_bold.o
    0x08047b3b   0x08047b3b   0x00000001   PAD
    0x08047b3c   0x08047b3c   0x0000000e   Data   RO          586    .conststring        font54_maple_bold.o
    0x08047b4a   0x08047b4a   0x00000002   PAD
    0x08047b4c   0x08047b4c   0x0000000e   Data   RO          628    .conststring        font76_maple_extrabold.o
    0x08047b5a   0x08047b5a   0x00000002   PAD
    0x08047b5c   0x08047b5c   0x00000013   Data   RO          835    .conststring        wifi_page.o
    0x08047b6f   0x08047b6f   0x00000001   PAD
    0x08047b70   0x08047b70   0x00000070   Data   RO         1282    .conststring        esp_at.o
    0x08047be0   0x08047be0   0x00000020   Data   RO         7971    Region$$Table       anon$$obj.o


    Execution Region RW_IRAM1 (Exec base: 0x20000000, Load base: 0x08047c00, Size: 0x0001b048, Max: 0x00020000, ABSOLUTE)

    Exec Addr    Load Addr    Size         Type   Attr      Idx    E Section Name        Object

    0x20000000   0x08047c00   0x00000024   Data   RW          356    .data               app.o
    0x20000024   0x08047c24   0x00000004   Data   RW          424    .data               ui.o
    0x20000028   0x08047c28   0x00000004   Data   RW          485    .data               workqueue.o
    0x2000002c   0x08047c2c   0x00000004   Data   RW          836    .data               wifi_page.o
    0x20000030   0x08047c30   0x00000008   Data   RW          968    .data               console.o
    0x20000038   0x08047c38   0x00000004   Data   RW         1138    .data               st7789.o
    0x2000003c   0x08047c3c   0x00000010   Data   RW         1283    .data               esp_at.o
    0x2000004c   0x08047c4c   0x00000004   PAD
    0x20000050   0x08047c50   0x0000000c   Data   RW         1427    .data               tim_delay.o
    0x2000005c   0x08047c5c   0x00000014   Data   RW         1545    .data               system_stm32f4xx.o
    0x20000070   0x08047c70   0x00000010   Data   RW         4437    .data               stm32f4xx_rcc.o
    0x20000080   0x08047c80   0x00000040   Data   RW         6969    .data               tasks.o
    0x200000c0   0x08047cc0   0x00000014   Data   RW         7327    .data               timers.o
    0x200000d4   0x08047cd4   0x00000020   Data   RW         7459    .data               heap_4.o
    0x200000f4   0x08047cf4   0x0000000c   Data   RW         7527    .data               port.o
    0x20000100   0x08047d00   0x00000004   Data   RW         7917    .data               mc_w.l(stdout.o)
    0x20000104   0x08047d04   0x00000004   Data   RW         7927    .data               mc_w.l(errno.o)
    0x20000108        -       0x00000118   Zero   RW          354    .bss                app.o
    0x20000220        -       0x00002880   Zero   RW         1137    .bss                st7789.o
    0x20002aa0        -       0x00000400   Zero   RW         1280    .bss                esp_at.o
    0x20002ea0        -       0x00000050   Zero   RW         6686    .bss                queue.o
    0x20002ef0        -       0x0000012c   Zero   RW         6968    .bss                tasks.o
    0x2000301c        -       0x00000028   Zero   RW         7326    .bss                timers.o
    0x20003044        -       0x00017000   Zero   RW         7458    .bss                heap_4.o
    0x2001a044   0x08047d08   0x00000004   PAD
    0x2001a048        -       0x00001000   Zero   RW         1532    STACK               startup_stm32f40_41xxx.o


==============================================================================

Image component sizes


      Code (inc. data)   RO Data    RW Data    ZI Data      Debug   Object Name

       902         64          0          0          0       7549   aht20.o
      1686        656        109         36        280       9927   app.o
       436        156          0          0          0      14710   board.o
       550         82          0          8          0       7473   console.o
       100          8          0          0          0       1149   error_page.o
      1894        526        220         16       1024      18542   esp_at.o
         0          0       1536          0          0       1691   font16_maple.o
         0          0       5395          0          0       1739   font20_maple_bold.o
         0          0       5947          0          0       1739   font24_maple_bold.o
         0          0       1143          0          0       1711   font24_maple_semibold.o
         0          0       7351          0          0       1739   font32_maple_bold.o
         0          0       2838          0          0       1703   font54_maple_bold.o
         0          0       2824          0          0       1715   font54_maple_semibold.o
         0          0       3344          0          0       1715   font64_maple_extrabold.o
         0          0       4970          0          0       1715   font76_maple_extrabold.o
       780        154          0         32      94208       4563   heap_4.o
         0          0       5840          0          0       1560   icon_duoyun.o
         0          0       5840          0          0       1576   icon_leizhenyu.o
         0          0       5840          0          0       1544   icon_na.o
         0          0       5840          0          0       1556   icon_qing.o
         0          0       2152          0          0       1564   icon_wenduji.o
         0          0       1160          0          0       1556   icon_wifi.o
         0          0       5840          0          0       1564   icon_yintian.o
         0          0       5840          0          0       1572   icon_yueliang.o
         0          0       5840          0          0       1572   icon_zhongxue.o
         0          0       5840          0          0       1564   icon_zhongyu.o
         0          0      51208          0          0       1556   img_error.o
         0          0      64808          0          0       1560   img_meihua.o
         0          0      59048          0          0       1548   img_wifi.o
       148          0          0          0          0       6246   list.o
        96         12          0          0          0     353442   main.o
      1320        296          7          0          0       7387   main_page.o
       120         14          0          0          0       1180   misc.o
      1142        296          0         12          0      11545   port.o
      2844        288          0          0         80      31844   queue.o
       260          0          0          0          0       3573   rtc.o
      2224        192          0          4      10368      43369   st7789.o
        36          8        392          0       4096        928   startup_stm32f40_41xxx.o
       406         52          0          0          0       6283   stm32f4xx_dma.o
       254          0          0          0          0       4609   stm32f4xx_gpio.o
       424         14          0          0          0       6927   stm32f4xx_i2c.o
        12          6          0          0          0        614   stm32f4xx_pwr.o
       508         60          0         16          0       7810   stm32f4xx_rcc.o
       950         56          0          0          0      10214   stm32f4xx_rtc.o
       166          0          0          0          0       5311   stm32f4xx_spi.o
       238         28          0          0          0       5444   stm32f4xx_tim.o
       510          8          0          0          0       8205   stm32f4xx_usart.o
       340         32          0         20          0       2201   system_stm32f4xx.o
      3542        840          0         64        300      36495   tasks.o
       282         24          0         12          0       3460   tim_delay.o
      1540        342          0         20         40      15086   timers.o
       504        104          0          4          0       9139   ui.o
       432        186          0          0          0       2343   weather.o
       148         48          0          0          0        947   welcome_page.o
       488        310          0          0          0       2004   wifi.o
       172         36         19          4          0       1152   wifi_page.o
       192         72          0          4          0       2617   workqueue.o

    ----------------------------------------------------------------------
     25690       4970     261236        256     110400     690047   Object Totals
         0          0         32          0          0          0   (incl. Generated)
        44          0         13          4          4          0   (incl. Padding)

    ----------------------------------------------------------------------

      Code (inc. data)   RO Data    RW Data    ZI Data      Debug   Library Member Name

        56         12          0          0          0        132   atof.o
        56          8          0          0          0         84   __0sscanf.o
        28          0          0          0          0         68   _chval.o
       812          4          0          0          0        112   _scanf.o
       332          0          0          0          0         96   _scanf_int.o
       224          0          0          0          0         96   _scanf_str.o
        64          0          0          0          0         84   _sgetc.o
        40          6         64          0          0         68   ctype_c.o
         0          0          0          0          0          0   entry.o
         0          0          0          0          0          0   entry10a.o
         0          0          0          0          0          0   entry11a.o
         8          4          0          0          0          0   entry2.o
         4          0          0          0          0          0   entry5.o
         0          0          0          0          0          0   entry7b.o
         0          0          0          0          0          0   entry8b.o
         8          4          0          0          0          0   entry9a.o
        24         12          0          4          0        136   errno.o
        30          0          0          0          0          0   handlers.o
        36          8          0          0          0         68   init.o
        10          0          0          0          0         68   isspace_c.o
         0          0          0          0          0          0   iusefp.o
        30          0          0          0          0         68   llshl.o
        36          0          0          0          0         68   llsshr.o
        32          0          0          0          0         68   llushr.o
        26          0          0          0          0         80   memcmp.o
        36          0          0          0          0         68   memcpya.o
        36          0          0          0          0        108   memseta.o
      2328         94          0          0          0        604   printfa.o
        40          8          0          0          0         84   scanf_char.o
       878         12          0          0          0        216   scanf_fp.o
         0          0          0          4          0          0   stdout.o
        28          0          0          0          0         76   strcmp.o
        18          0          0          0          0         68   strcpy.o
        14          0          0          0          0         68   strlen.o
        24          0          0          0          0         76   strncpy.o
        36          0          0          0          0         80   strstr.o
       156         12          0          0          0        120   strtod.o
        44          0          0          0          0         80   uidiv.o
        98          0          0          0          0         92   uldiv.o
        48          0          0          0          0         68   cdrcmple.o
        56          0          0          0          0         88   d2f.o
       334          0          0          0          0        148   dadd.o
       222          0          0          0          0        100   ddiv.o
       186          0          0          0          0        176   depilogue.o
        48          0          0          0          0         68   dfixul.o
        24          0          0          0          0         76   dfltul.o
       228          0          0          0          0         96   dmul.o
        38          0          0          0          0         68   f2d.o
       110          0          0          0          0        168   fepilogue.o

    ----------------------------------------------------------------------
      6898        184         64          8          0       4092   Library Totals
        12          0          0          0          0          0   (incl. Padding)

    ----------------------------------------------------------------------

      Code (inc. data)   RO Data    RW Data    ZI Data      Debug   Library Name

        56         12          0          0          0        132   m_wm.l
      5536        172         64          8          0       2904   mc_w.l
      1294          0          0          0          0       1056   mf_w.l

    ----------------------------------------------------------------------
      6898        184         64          8          0       4092   Library Totals

    ----------------------------------------------------------------------

==============================================================================


      Code (inc. data)   RO Data    RW Data    ZI Data      Debug   

     32588       5154     261300        264     110400     666511   Grand Totals
     32588       5154     261300        264     110400     666511   ELF Image Totals
     32588       5154     261300        264          0          0   ROM Totals

==============================================================================

    Total RO  Size (Code + RO Data)               293888 ( 287.00kB)
    Total RW  Size (RW Data + ZI Data)            110664 ( 108.07kB)
    Total ROM Size (Code + RO Data + RW Data)     294152 ( 287.26kB)

==============================================================================

